INFO ESPHome 2025.4.1
INFO Reading configuration heatingpump-esp.yaml...
INFO Detected timezone 'Europe/Berlin'
INFO Detected timezone 'Europe/Berlin'
INFO Detected timezone 'Europe/Berlin'
INFO Detected timezone 'Europe/Berlin'
INFO Detected timezone 'Europe/Berlin'
INFO Detected timezone 'Europe/Berlin'
INFO Detected timezone 'Europe/Berlin'
WARNING GPIO15 is a strapping PIN and should only be used for I/O with care.
Attaching external pullup/down resistors to strapping pins can cause unexpected failures.
See https://esphome.io/guides/faq.html#why-am-i-getting-a-warning-about-strapping-pins
WARNING GPIO2 is a strapping PIN and should only be used for I/O with care.
Attaching external pullup/down resistors to strapping pins can cause unexpected failures.
See https://esphome.io/guides/faq.html#why-am-i-getting-a-warning-about-strapping-pins
INFO Starting log output from 192.168.178.194 using esphome API
INFO Successfully connected to heatingpump-esp @ 192.168.178.194 in 0.008s
INFO Successful handshake with heatingpump-esp @ 192.168.178.194 in 0.103s
[22:13:26][I][app:100]: ESPHome version 2025.4.1 compiled on Nov  8 2025, 21:24:25
[22:13:26][C][status_led:019]: Status LED:
[22:13:26][C][status_led:020]:   Pin: GPIO2
[22:13:26][C][wifi:600]: WiFi:
[22:13:26][C][wifi:428]:   Local MAC: 3C:61:05:11:A0:90
[22:13:26][C][wifi:433]:   SSID: 'Best WiFi'
[22:13:26][C][wifi:436]:   IP Address: 192.168.178.194
[22:13:26][C][wifi:440]:   BSSID: DC:39:6F:BF:17:D5
[22:13:26][C][wifi:441]:   Hostname: 'heatingpump-esp'
[22:13:26][C][wifi:443]:   Signal strength: -76 dB ▂▄▆█
[22:13:26][C][wifi:447]:   Channel: 11
[22:13:26][C][wifi:448]:   Subnet: 255.255.255.0
[22:13:26][C][wifi:449]:   Gateway: 192.168.178.1
[22:13:26][C][wifi:450]:   DNS1: 192.168.178.25
[22:13:26][C][wifi:451]:   DNS2: 0.0.0.0
[22:13:26][C][logger:177]: Logger:
[22:13:26][C][logger:178]:   Max Level: VERBOSE
[22:13:26][C][logger:179]:   Initial Level: VERBOSE
[22:13:26][C][logger:181]:   Log Baud Rate: 115200
[22:13:26][C][logger:182]:   Hardware UART: UART0
[22:13:26][C][logger:186]:   Level for 'binary_sensor': INFO
[22:13:26][C][logger:186]:   Level for 'canbus': DEBUG
[22:13:26][C][logger:186]:   Level for 'climate': INFO
[22:13:26][C][logger:186]:   Level for 'sensor': INFO
[22:13:26][C][spi:068]: SPI bus:
[22:13:26][C][spi:069]:   CLK Pin: GPIO26
[22:13:26][C][spi:070]:   SDI Pin: GPIO14
[22:13:26][C][spi:071]:   SDO Pin: GPIO27
[22:13:26][C][spi:076]:   Using HW SPI: SPI
[22:13:26][C][template.sensor:022]: Template Sensor 'VERDICHTER_STARTS_K'
[22:13:26][C][template.sensor:022]:   State Class: 'measurement'
[22:13:26][C][template.sensor:022]:   Unit of Measurement: ''
[22:13:26][C][template.sensor:022]:   Accuracy Decimals: 3
[22:13:26][C][template.sensor:023]:   Update Interval: 60.0s
[22:13:26][C][template.sensor:022]: Template Sensor 'VERDICHTER_STARTS'
[22:13:26][C][template.sensor:022]:   State Class: 'total_increasing'
[22:13:26][C][template.sensor:022]:   Unit of Measurement: ''
[22:13:26][C][template.sensor:022]:   Accuracy Decimals: 0
[22:13:26][C][template.sensor:022]:   Icon: 'mdi:counter'
[22:13:26][C][template.sensor:023]:   Update Interval: 900.0s
[22:13:26][C][template.sensor:022]: Template Sensor 'WAERMEERTRAG_2WE_WW_SUM_KWH'
[22:13:26][C][template.sensor:022]:   State Class: 'measurement'
[22:13:26][C][template.sensor:022]:   Unit of Measurement: ''
[22:13:26][C][template.sensor:022]:   Accuracy Decimals: 3
[22:13:26][C][template.sensor:023]:   Update Interval: 60.0s
[22:13:26][C][template.sensor:022]: Template Sensor 'WAERMEERTRAG_2WE_WW_SUMME_MWH'
[22:13:26][C][template.sensor:022]:   State Class: 'total_increasing'
[22:13:26][C][template.sensor:022]:   Unit of Measurement: 'MWh'
[22:13:26][C][template.sensor:022]:   Accuracy Decimals: 3
[22:13:26][C][template.sensor:022]:   Icon: 'mdi:fire'
[22:13:26][C][template.sensor:023]:   Update Interval: 900.0s
[22:13:26][C][template.sensor:022]: Template Sensor 'WAERMEERTRAG_2WE_HEIZ_SUM_KWH'
[22:13:26][C][template.sensor:022]:   State Class: 'measurement'
[22:13:26][C][template.sensor:022]:   Unit of Measurement: ''
[22:13:27][C][template.sensor:022]:   Accuracy Decimals: 3
[22:13:27][C][template.sensor:023]:   Update Interval: 60.0s
[22:13:27][C][template.sensor:022]: Template Sensor 'WAERMEERTRAG_2WE_HEIZ_SUMME_MWH'
[22:13:27][C][template.sensor:022]:   State Class: 'total_increasing'
[22:13:27][C][template.sensor:022]:   Unit of Measurement: 'MWh'
[22:13:27][C][template.sensor:022]:   Accuracy Decimals: 3
[22:13:27][C][template.sensor:022]:   Icon: 'mdi:fire'
[22:13:27][C][template.sensor:023]:   Update Interval: 900.0s
[22:13:27][C][template.sensor:022]: Template Sensor 'WAERMEERTRAG_WW_SUM_KWH'
[22:13:27][C][template.sensor:022]:   State Class: 'measurement'
[22:13:27][C][template.sensor:022]:   Unit of Measurement: ''
[22:13:27][C][template.sensor:022]:   Accuracy Decimals: 3
[22:13:27][C][template.sensor:023]:   Update Interval: 60.0s
[22:13:27][C][template.sensor:022]: Template Sensor 'WAERMEERTRAG_WW_SUMME_MWH'
[22:13:27][C][template.sensor:022]:   State Class: 'total_increasing'
[22:13:27][C][template.sensor:022]:   Unit of Measurement: 'MWh'
[22:13:27][C][template.sensor:022]:   Accuracy Decimals: 3
[22:13:27][C][template.sensor:022]:   Icon: 'mdi:fire'
[22:13:27][C][template.sensor:023]:   Update Interval: 900.0s
[22:13:27][C][template.sensor:022]: Template Sensor 'WAERMEERTRAG_HEIZ_SUM_KWH'
[22:13:27][C][template.sensor:022]:   State Class: 'measurement'
[22:13:27][C][template.sensor:022]:   Unit of Measurement: ''
[22:13:27][C][template.sensor:022]:   Accuracy Decimals: 3
[22:13:27][C][template.sensor:023]:   Update Interval: 60.0s
[22:13:27][C][template.sensor:022]: Template Sensor 'WAERMEERTRAG_HEIZ_SUMME_MWH'
[22:13:27][C][template.sensor:022]:   State Class: 'total_increasing'
[22:13:27][C][template.sensor:022]:   Unit of Measurement: 'MWh'
[22:13:27][C][template.sensor:022]:   Accuracy Decimals: 3
[22:13:27][C][template.sensor:022]:   Icon: 'mdi:fire'
[22:13:27][C][template.sensor:023]:   Update Interval: 900.0s
[22:13:27][C][template.sensor:022]: Template Sensor 'SPEICHERSOLLTEMP'
[22:13:27][C][template.sensor:022]:   Device Class: 'temperature'
[22:13:27][C][template.sensor:022]:   State Class: 'measurement'
[22:13:27][C][template.sensor:022]:   Unit of Measurement: '°C'
[22:13:27][C][template.sensor:022]:   Accuracy Decimals: 1
[22:13:27][C][template.sensor:022]:   Icon: 'mdi:thermometer-lines'
[22:13:27][C][template.sensor:023]:   Update Interval: 900.0s
[22:13:27][D][canbus:078]: received can message (#1) std can_id=0x480 size=7
[22:13:27][D][CAN:183]: Can message received with CANId 0x0480
[22:13:27][I][Communication:109]: Message received: Read/Write ID 0xa0 0x00(0x0500) for property SPEICHERBEDARF (0x005f) with raw value: 512
[22:13:27][D][Communication:111]: Message is not a response. Dropping it!
[22:13:27][D][canbus:078]: received can message (#2) std can_id=0x180 size=7
[22:13:27][D][CAN:183]: Can message received with CANId 0x0180
[22:13:27][I][Communication:109]: Message received: Read/Write ID 0xa0 0x79(0x0539) for property AUSSENTEMP (0x000c) with raw value: 59
[22:13:27][D][Communication:111]: Message is not a response. Dropping it!
[22:13:27][W][component:239]: Component canbus took a long time for an operation (78 ms).
[22:13:27][W][component:240]: Components should block for at most 30 ms.
[22:13:27][C][template.sensor:022]: Template Sensor 'SPEICHERISTTEMP'
[22:13:27][C][template.sensor:022]:   Device Class: 'temperature'
[22:13:27][C][template.sensor:022]:   State Class: 'measurement'
[22:13:27][C][template.sensor:022]:   Unit of Measurement: '°C'
[22:13:27][C][template.sensor:022]:   Accuracy Decimals: 1
[22:13:27][C][template.sensor:022]:   Icon: 'mdi:thermometer-lines'
[22:13:27][C][template.sensor:023]:   Update Interval: 60.0s
[22:13:27][C][template.sensor:022]: Template Sensor 'AUSSENTEMP'
[22:13:27][C][template.sensor:022]:   Device Class: 'temperature'
[22:13:27][C][template.sensor:022]:   State Class: 'measurement'
[22:13:27][C][template.sensor:022]:   Unit of Measurement: '°C'
[22:13:27][C][template.sensor:022]:   Accuracy Decimals: 1
[22:13:27][C][template.sensor:022]:   Icon: 'mdi:thermometer-lines'
[22:13:27][C][template.sensor:023]:   Update Interval: 900.0s
[22:13:27][C][template.sensor:022]: Template Sensor 'VERDAMPFERTEMP'
[22:13:27][C][template.sensor:022]:   Device Class: 'temperature'
[22:13:27][C][template.sensor:022]:   State Class: 'measurement'
[22:13:27][C][template.sensor:022]:   Unit of Measurement: '°C'
[22:13:27][C][template.sensor:022]:   Accuracy Decimals: 1
[22:13:27][C][template.sensor:022]:   Icon: 'mdi:thermometer-lines'
[22:13:27][C][template.sensor:023]:   Update Interval: 900.0s
[22:13:27][C][template.sensor:022]: Template Sensor 'RUECKLAUFISTTEMP'
[22:13:27][C][template.sensor:022]:   Device Class: 'temperature'
[22:13:27][C][template.sensor:022]:   State Class: 'measurement'
[22:13:27][C][template.sensor:022]:   Unit of Measurement: '°C'
[22:13:27][C][template.sensor:022]:   Accuracy Decimals: 1
[22:13:27][C][template.sensor:022]:   Icon: 'mdi:thermometer-lines'
[22:13:27][C][template.sensor:023]:   Update Interval: 60.0s
[22:13:27][C][template.sensor:022]: Template Sensor 'VORLAUFISTTEMP'
[22:13:27][C][template.sensor:022]:   Device Class: 'temperature'
[22:13:27][C][template.sensor:022]:   State Class: 'measurement'
[22:13:27][C][template.sensor:022]:   Unit of Measurement: '°C'
[22:13:27][C][template.sensor:022]:   Accuracy Decimals: 1
[22:13:27][C][template.sensor:022]:   Icon: 'mdi:thermometer-lines'
[22:13:27][C][template.sensor:023]:   Update Interval: 60.0s
[22:13:27][C][template.sensor:022]: Template Sensor 'RAUMISTTEMP'
[22:13:27][C][template.sensor:022]:   Device Class: 'temperature'
[22:13:27][C][template.sensor:022]:   State Class: 'measurement'
[22:13:27][C][template.sensor:022]:   Unit of Measurement: '°C'
[22:13:27][C][template.sensor:022]:   Accuracy Decimals: 1
[22:13:27][C][template.sensor:022]:   Icon: 'mdi:thermometer-lines'
[22:13:27][C][template.sensor:023]:   Update Interval: 900.0s
[22:13:27][C][template.sensor:022]: Template Sensor 'VERSTELLTE_RAUMSOLLTEMP'
[22:13:27][C][template.sensor:022]:   Device Class: 'temperature'
[22:13:27][C][template.sensor:022]:   State Class: 'measurement'
[22:13:27][C][template.sensor:022]:   Unit of Measurement: '°C'
[22:13:27][C][template.sensor:022]:   Accuracy Decimals: 1
[22:13:27][C][template.sensor:022]:   Icon: 'mdi:thermometer-lines'
[22:13:27][C][template.sensor:023]:   Update Interval: 900.0s
[22:13:27][C][template.sensor:022]: Template Sensor 'VORLAUFSOLLTEMP'
[22:13:27][C][template.sensor:022]:   Device Class: 'temperature'
[22:13:27][C][template.sensor:022]:   State Class: 'measurement'
[22:13:27][C][template.sensor:022]:   Unit of Measurement: '°C'
[22:13:27][C][template.sensor:022]:   Accuracy Decimals: 1
[22:13:27][C][template.sensor:022]:   Icon: 'mdi:thermometer-lines'
[22:13:27][C][template.sensor:023]:   Update Interval: 900.0s
[22:13:27][C][template.sensor:022]: Template Sensor 'FEHLERMELDUNG'
[22:13:27][C][template.sensor:022]:   State Class: 'measurement'
[22:13:27][C][template.sensor:022]:   Unit of Measurement: ''
[22:13:27][C][template.sensor:022]:   Accuracy Decimals: 0
[22:13:27][C][template.sensor:022]:   Icon: 'mdi:alert-circle'
[22:13:27][C][template.sensor:023]:   Update Interval: never
[22:13:27][C][template.sensor:022]: Template Sensor 'FEUCHTE'
[22:13:27][C][template.sensor:022]:   State Class: 'measurement'
[22:13:27][C][template.sensor:022]:   Unit of Measurement: '%'
[22:13:27][C][template.sensor:022]:   Accuracy Decimals: 1
[22:13:27][C][template.sensor:022]:   Icon: 'mdi:water-percent'
[22:13:27][C][template.sensor:023]:   Update Interval: 900.0s
[22:13:27][C][template.sensor:022]: Template Sensor 'EL_AUFNAHMELEISTUNG_WW_SUMME_KWH'
[22:13:27][C][template.sensor:022]:   Device Class: 'energy'
[22:13:27][C][template.sensor:022]:   State Class: 'total_increasing'
[22:13:27][C][template.sensor:022]:   Unit of Measurement: 'kWh'
[22:13:27][C][template.sensor:022]:   Accuracy Decimals: 2
[22:13:27][C][template.sensor:022]:   Icon: 'mdi:lightning-bolt'
[22:13:27][C][template.sensor:023]:   Update Interval: never
[22:13:27][C][template.sensor:022]: Template Sensor 'EL_AUFNAHMELEISTUNG_HEIZ_SUMME_KWH'
[22:13:27][C][template.sensor:022]:   Device Class: 'energy'
[22:13:27][C][template.sensor:022]:   State Class: 'total_increasing'
[22:13:27][C][template.sensor:022]:   Unit of Measurement: 'kWh'
[22:13:27][C][template.sensor:022]:   Accuracy Decimals: 2
[22:13:27][C][template.sensor:022]:   Icon: 'mdi:lightning-bolt'
[22:13:27][C][template.sensor:023]:   Update Interval: never
[22:13:27][C][template.sensor:022]: Template Sensor 'WAERMEERTRAG_2WE_WW_TAG_SUMME_KWH'
[22:13:27][C][template.sensor:022]:   Device Class: 'energy'
[22:13:27][C][template.sensor:022]:   State Class: 'total_increasing'
[22:13:27][C][template.sensor:022]:   Unit of Measurement: 'kWh'
[22:13:27][C][template.sensor:022]:   Accuracy Decimals: 2
[22:13:27][C][template.sensor:022]:   Icon: 'mdi:lightning-bolt'
[22:13:27][C][template.sensor:023]:   Update Interval: never
[22:13:27][C][template.sensor:022]: Template Sensor 'WAERMEERTRAG_2WE_HEIZ_TAG_SUMME_KWH'
[22:13:28][C][template.sensor:022]:   Device Class: 'energy'
[22:13:28][C][template.sensor:022]:   State Class: 'total_increasing'
[22:13:28][C][template.sensor:022]:   Unit of Measurement: 'kWh'
[22:13:28][C][template.sensor:022]:   Accuracy Decimals: 2
[22:13:28][C][template.sensor:022]:   Icon: 'mdi:lightning-bolt'
[22:13:28][C][template.sensor:023]:   Update Interval: never
[22:13:28][C][template.sensor:022]: Template Sensor 'WAERMEERTRAG_WW_TAG_SUMME_KWH'
[22:13:28][C][template.sensor:022]:   Device Class: 'energy'
[22:13:28][C][template.sensor:022]:   State Class: 'total_increasing'
[22:13:28][C][template.sensor:022]:   Unit of Measurement: 'kWh'
[22:13:28][C][template.sensor:022]:   Accuracy Decimals: 2
[22:13:28][C][template.sensor:022]:   Icon: 'mdi:lightning-bolt'
[22:13:28][C][template.sensor:023]:   Update Interval: never
[22:13:28][C][template.sensor:022]: Template Sensor 'WAERMEERTRAG_HEIZ_TAG_SUMME_KWH'
[22:13:28][C][template.sensor:022]:   Device Class: 'energy'
[22:13:28][C][template.sensor:022]:   State Class: 'total_increasing'
[22:13:28][C][template.sensor:022]:   Unit of Measurement: 'kWh'
[22:13:28][C][template.sensor:022]:   Accuracy Decimals: 2
[22:13:28][C][template.sensor:022]:   Icon: 'mdi:lightning-bolt'
[22:13:28][C][template.sensor:023]:   Update Interval: never
[22:13:28][C][template.sensor:022]: Template Sensor 'COP WW TAG'
[22:13:28][C][template.sensor:022]:   State Class: 'measurement'
[22:13:28][C][template.sensor:022]:   Unit of Measurement: ''
[22:13:28][C][template.sensor:022]:   Accuracy Decimals: 1
[22:13:28][C][template.sensor:023]:   Update Interval: 900.0s
[22:13:28][C][template.sensor:022]: Template Sensor 'COP HEIZ TAG'
[22:13:28][C][template.sensor:022]:   State Class: 'measurement'
[22:13:28][C][template.sensor:022]:   Unit of Measurement: ''
[22:13:28][C][template.sensor:022]:   Accuracy Decimals: 1
[22:13:28][C][template.sensor:023]:   Update Interval: 900.0s
[22:13:28][C][template.sensor:022]: Template Sensor 'WAERMEERTRAG_RUECKGE_SUM_KWH'
[22:13:28][C][template.sensor:022]:   State Class: 'measurement'
[22:13:28][C][template.sensor:022]:   Unit of Measurement: ''
[22:13:28][C][template.sensor:022]:   Accuracy Decimals: 3
[22:13:28][C][template.sensor:023]:   Update Interval: 60.0s
[22:13:28][C][template.sensor:022]: Template Sensor 'WAERMEERTRAG_RUECKGE_SUMME_MWH'
[22:13:28][C][template.sensor:022]:   State Class: 'total_increasing'
[22:13:28][C][template.sensor:022]:   Unit of Measurement: 'MWh'
[22:13:28][C][template.sensor:022]:   Accuracy Decimals: 3
[22:13:28][C][template.sensor:022]:   Icon: 'mdi:fire'
[22:13:28][C][template.sensor:023]:   Update Interval: 900.0s
[22:13:28][C][template.sensor:022]: Template Sensor 'ABLUFTTEMP'
[22:13:28][C][template.sensor:022]:   Device Class: 'temperature'
[22:13:28][C][template.sensor:022]:   State Class: 'measurement'
[22:13:28][C][template.sensor:022]:   Unit of Measurement: '°C'
[22:13:28][C][template.sensor:022]:   Accuracy Decimals: 1
[22:13:28][C][template.sensor:022]:   Icon: 'mdi:thermometer-lines'
[22:13:28][C][template.sensor:023]:   Update Interval: 900.0s
[22:13:28][C][template.sensor:022]: Template Sensor 'EINSTELL_SPEICHERSOLLTEMP'
[22:13:28][C][template.sensor:022]:   Device Class: 'temperature'
[22:13:28][C][template.sensor:022]:   State Class: 'measurement'
[22:13:28][C][template.sensor:022]:   Unit of Measurement: '°C'
[22:13:28][C][template.sensor:022]:   Accuracy Decimals: 1
[22:13:28][C][template.sensor:022]:   Icon: 'mdi:thermometer-lines'
[22:13:28][C][template.sensor:023]:   Update Interval: 900.0s
[22:13:28][C][template.sensor:022]: Template Sensor 'SAMMLERISTTEMP'
[22:13:28][C][template.sensor:022]:   Device Class: 'temperature'
[22:13:28][C][template.sensor:022]:   State Class: 'measurement'
[22:13:28][C][template.sensor:022]:   Unit of Measurement: '°C'
[22:13:28][C][template.sensor:022]:   Accuracy Decimals: 1
[22:13:28][C][template.sensor:022]:   Icon: 'mdi:thermometer-lines'
[22:13:28][C][template.sensor:023]:   Update Interval: 60.0s
[22:13:28][C][template.sensor:022]: Template Sensor 'TAUPUNKT_HK1'
[22:13:28][C][template.sensor:022]:   Device Class: 'temperature'
[22:13:28][C][template.sensor:022]:   State Class: 'measurement'
[22:13:28][C][template.sensor:022]:   Unit of Measurement: '°C'
[22:13:28][C][template.sensor:022]:   Accuracy Decimals: 1
[22:13:28][C][template.sensor:022]:   Icon: 'mdi:thermometer-lines'
[22:13:28][C][template.sensor:023]:   Update Interval: 900.0s
[22:13:28][C][template.sensor:022]: Template Sensor 'RAUMSOLLTEMP_I'
[22:13:28][C][template.sensor:022]:   Device Class: 'temperature'
[22:13:28][C][template.sensor:022]:   State Class: 'measurement'
[22:13:28][C][template.sensor:022]:   Unit of Measurement: '°C'
[22:13:28][C][template.sensor:022]:   Accuracy Decimals: 1
[22:13:28][C][template.sensor:022]:   Icon: 'mdi:thermometer-lines'
[22:13:28][C][template.sensor:023]:   Update Interval: 900.0s
[22:13:28][C][template.sensor:022]: Template Sensor 'RAUMSOLLTEMP_NACHT'
[22:13:28][C][template.sensor:022]:   Device Class: 'temperature'
[22:13:28][C][template.sensor:022]:   State Class: 'measurement'
[22:13:28][C][template.sensor:022]:   Unit of Measurement: '°C'
[22:13:28][C][template.sensor:022]:   Accuracy Decimals: 1
[22:13:28][C][template.sensor:022]:   Icon: 'mdi:thermometer-lines'
[22:13:28][C][template.sensor:023]:   Update Interval: 900.0s
[22:13:28][C][template.sensor:022]: Template Sensor 'KUEHL_RAUMSOLL_TAG'
[22:13:28][C][template.sensor:022]:   Device Class: 'temperature'
[22:13:28][C][template.sensor:022]:   State Class: 'measurement'
[22:13:28][C][template.sensor:022]:   Unit of Measurement: '°C'
[22:13:28][C][template.sensor:022]:   Accuracy Decimals: 1
[22:13:28][C][template.sensor:022]:   Icon: 'mdi:thermometer-lines'
[22:13:28][C][template.sensor:023]:   Update Interval: 900.0s
[22:13:28][C][template.sensor:022]: Template Sensor 'HEIZLEISTUNG_RELATIV'
[22:13:28][C][template.sensor:022]:   State Class: 'measurement'
[22:13:28][C][template.sensor:022]:   Unit of Measurement: '%'
[22:13:28][C][template.sensor:022]:   Accuracy Decimals: 0
[22:13:28][C][template.sensor:022]:   Icon: 'mdi:gauge'
[22:13:28][C][template.sensor:023]:   Update Interval: 60.0s
[22:13:28][C][template.sensor:022]: Template Sensor 'VOLUMENSTROM'
[22:13:28][C][template.sensor:022]:   State Class: 'measurement'
[22:13:28][C][template.sensor:022]:   Unit of Measurement: 'l/min'
[22:13:28][C][template.sensor:022]:   Accuracy Decimals: 0
[22:13:28][C][template.sensor:022]:   Icon: 'mdi:pump'
[22:13:28][C][template.sensor:023]:   Update Interval: 300.0s
[22:13:28][C][template.sensor:022]: Template Sensor 'LAUFZEIT_FILTER'
[22:13:28][C][template.sensor:022]:   State Class: 'measurement'
[22:13:28][C][template.sensor:022]:   Unit of Measurement: '%'
[22:13:28][C][template.sensor:022]:   Accuracy Decimals: 0
[22:13:28][C][template.sensor:022]:   Icon: 'mdi:calendar'
[22:13:28][C][template.sensor:023]:   Update Interval: 3600.0s
[22:13:28][C][template.sensor:022]: Template Sensor 'ANZEIGE_NIEDERDRUCK'
[22:13:28][C][template.sensor:022]:   State Class: 'measurement'
[22:13:28][C][template.sensor:022]:   Unit of Measurement: ''
[22:13:28][C][template.sensor:022]:   Accuracy Decimals: 2
[22:13:28][C][template.sensor:022]:   Icon: 'mdi:blank'
[22:13:28][C][template.sensor:023]:   Update Interval: never
[22:13:28][C][template.sensor:022]: Template Sensor 'PUMPENZYKLEN_MIN_AUSSENT'
[22:13:28][C][template.sensor:022]:   State Class: 'measurement'
[22:13:28][C][template.sensor:022]:   Unit of Measurement: ''
[22:13:28][C][template.sensor:022]:   Accuracy Decimals: 0
[22:13:28][C][template.sensor:022]:   Icon: 'mdi:blank'
[22:13:28][C][template.sensor:023]:   Update Interval: never
[22:13:28][C][template.sensor:022]: Template Sensor 'WAERMEERTRAG_RUECKGE_TAG_SUMME_KWH'
[22:13:28][C][template.sensor:022]:   Device Class: 'energy'
[22:13:28][C][template.sensor:022]:   State Class: 'total_increasing'
[22:13:28][C][template.sensor:022]:   Unit of Measurement: 'kWh'
[22:13:28][C][template.sensor:022]:   Accuracy Decimals: 2
[22:13:28][C][template.sensor:022]:   Icon: 'mdi:lightning-bolt'
[22:13:28][C][template.sensor:023]:   Update Interval: never
[22:13:28][C][template.sensor:022]: Template Sensor 'FAN POWER'
[22:13:28][C][template.sensor:022]:   Device Class: 'power'
[22:13:28][C][template.sensor:022]:   State Class: 'measurement'
[22:13:28][C][template.sensor:022]:   Unit of Measurement: 'W'
[22:13:29][C][template.sensor:022]:   Accuracy Decimals: 1
[22:13:29][C][template.sensor:023]:   Update Interval: 60.0s
[22:13:29][C][template.sensor:022]: Template Sensor 'ELECTRIC HEATING POWER'
[22:13:29][C][template.sensor:022]:   Device Class: 'power'
[22:13:29][C][template.sensor:022]:   State Class: 'measurement'
[22:13:29][C][template.sensor:022]:   Unit of Measurement: 'W'
[22:13:29][C][template.sensor:022]:   Accuracy Decimals: 1
[22:13:29][C][template.sensor:023]:   Update Interval: 60.0s
[22:13:29][C][template.sensor:022]: Template Sensor 'TEST - AUSSENTEMP'
[22:13:29][C][template.sensor:022]:   State Class: ''
[22:13:29][C][template.sensor:022]:   Unit of Measurement: '°C'
[22:13:29][C][template.sensor:022]:   Accuracy Decimals: 1
[22:13:29][C][template.sensor:023]:   Update Interval: 60.0s
[22:13:29][C][template.sensor:022]: Template Sensor 'TEST - WW IST'
[22:13:29][C][template.sensor:022]:   State Class: ''
[22:13:29][C][template.sensor:022]:   Unit of Measurement: '°C'
[22:13:29][C][template.sensor:022]:   Accuracy Decimals: 1
[22:13:29][C][template.sensor:023]:   Update Interval: 60.0s
[22:13:29][C][template.sensor:022]: Template Sensor 'TEST - HK1 IST'
[22:13:29][C][template.sensor:022]:   State Class: ''
[22:13:29][C][template.sensor:022]:   Unit of Measurement: '°C'
[22:13:29][C][template.sensor:022]:   Accuracy Decimals: 1
[22:13:29][C][template.sensor:023]:   Update Interval: 60.0s
[22:13:29][C][template.sensor:022]: Template Sensor 'TEST - HK2 IST'
[22:13:29][C][template.sensor:022]:   State Class: ''
[22:13:29][C][template.sensor:022]:   Unit of Measurement: '°C'
[22:13:29][C][template.sensor:022]:   Accuracy Decimals: 1
[22:13:29][C][template.sensor:023]:   Update Interval: 60.0s
[22:13:29][C][template.sensor:022]: Template Sensor 'QUELLE_IST'
[22:13:29][C][template.sensor:022]:   Device Class: 'temperature'
[22:13:29][C][template.sensor:022]:   State Class: 'measurement'
[22:13:29][C][template.sensor:022]:   Unit of Measurement: '°C'
[22:13:29][C][template.sensor:022]:   Accuracy Decimals: 1
[22:13:29][C][template.sensor:022]:   Icon: 'mdi:thermometer-lines'
[22:13:29][C][template.sensor:023]:   Update Interval: 900.0s
[22:13:29][D][canbus:078]: received can message (#1) std can_id=0x480 size=7
[22:13:29][D][CAN:183]: Can message received with CANId 0x0480
[22:13:29][I][Communication:109]: Message received: Read/Write ID 0xa0 0x00(0x0500) for property MISCHERLAUFZEIT (0x002c) with raw value: 0
[22:13:29][D][Communication:111]: Message is not a response. Dropping it!
[22:13:29][C][template.sensor:022]: Template Sensor 'HILFSKESSELSOLL'
[22:13:29][C][template.sensor:022]:   Device Class: 'temperature'
[22:13:29][C][template.sensor:022]:   State Class: 'measurement'
[22:13:29][C][template.sensor:022]:   Unit of Measurement: '°C'
[22:13:29][C][template.sensor:022]:   Accuracy Decimals: 1
[22:13:29][C][template.sensor:022]:   Icon: 'mdi:thermometer-lines'
[22:13:29][C][template.sensor:023]:   Update Interval: 900.0s
[22:13:29][C][template.sensor:022]: Template Sensor 'HKISTTEMP'
[22:13:29][C][template.sensor:022]:   Device Class: 'temperature'
[22:13:29][C][template.sensor:022]:   State Class: 'measurement'
[22:13:29][C][template.sensor:022]:   Unit of Measurement: '°C'
[22:13:29][C][template.sensor:022]:   Accuracy Decimals: 1
[22:13:29][C][template.sensor:022]:   Icon: 'mdi:thermometer-lines'
[22:13:29][C][template.sensor:023]:   Update Interval: 900.0s
[22:13:29][C][template.sensor:022]: Template Sensor 'PUFFERISTTEMP'
[22:13:29][C][template.sensor:022]:   Device Class: 'temperature'
[22:13:29][C][template.sensor:022]:   State Class: 'measurement'
[22:13:29][C][template.sensor:022]:   Unit of Measurement: '°C'
[22:13:29][C][template.sensor:022]:   Accuracy Decimals: 1
[22:13:29][C][template.sensor:022]:   Icon: 'mdi:thermometer-lines'
[22:13:29][C][template.sensor:023]:   Update Interval: 900.0s
[22:13:29][C][template.sensor:022]: Template Sensor 'PUFFERSOLLTEMP'
[22:13:29][C][template.sensor:022]:   Device Class: 'temperature'
[22:13:29][C][template.sensor:022]:   State Class: 'measurement'
[22:13:29][C][template.sensor:022]:   Unit of Measurement: '°C'
[22:13:29][C][template.sensor:022]:   Accuracy Decimals: 1
[22:13:29][C][template.sensor:022]:   Icon: 'mdi:thermometer-lines'
[22:13:29][C][template.sensor:023]:   Update Interval: 900.0s
[22:13:29][C][uptime.sensor:033]: Uptime Sensor 'ESP32 Uptime'
[22:13:29][C][uptime.sensor:033]:   Device Class: 'duration'
[22:13:29][C][uptime.sensor:033]:   State Class: 'total_increasing'
[22:13:29][C][uptime.sensor:033]:   Unit of Measurement: 'h'
[22:13:29][C][uptime.sensor:033]:   Accuracy Decimals: 1
[22:13:29][C][uptime.sensor:033]:   Icon: 'mdi:timer-outline'
[22:13:29][V][uptime.sensor:033]:   Unique ID: '3c610511a090-uptime'
[22:13:29][C][uptime.sensor:034]:   Type: Seconds
[22:13:29][C][template.sensor:022]: Template Sensor 'ESP32 Free Heap'
[22:13:29][C][template.sensor:022]:   State Class: ''
[22:13:29][C][template.sensor:022]:   Unit of Measurement: 'bytes'
[22:13:29][C][template.sensor:022]:   Accuracy Decimals: 0
[22:13:29][C][template.sensor:023]:   Update Interval: 60.0s
[22:13:29][C][template.number:050]: Template Number 'RAUMEINFLUSS'
[22:13:29][C][template.number:050]:   Icon: 'mdi:valve'
[22:13:29][C][template.number:051]:   Optimistic: YES
[22:13:29][C][template.number:052]:   Update Interval: 60.0s
[22:13:29][C][template.text_sensor:020]: Template Sensor 'HEATPUMP_DATETIME'
[22:13:29][C][canbus:021]: config standard id=0x700
[22:13:29][C][template.binary_sensor:028]: Template Binary Sensor 'SCHALTPROGRAMM_AKTIV'
[22:13:29][C][template.binary_sensor:028]: Template Binary Sensor 'VERDICHTER'
[22:13:29][C][template.binary_sensor:028]: Template Binary Sensor 'WARMWASSERBEREITUNG'
[22:13:29][C][template.binary_sensor:028]: Template Binary Sensor 'ELEKTRISCHE_NACHERWAERMUNG'
[22:13:29][C][template.binary_sensor:028]: Template Binary Sensor 'SERVICE'
[22:13:29][C][template.binary_sensor:028]: Template Binary Sensor 'HEIZEN'
[22:13:29][C][template.binary_sensor:028]: Template Binary Sensor 'KUEHLEN'
[22:13:29][C][template.binary_sensor:028]: Template Binary Sensor 'LUEFTUNG'
[22:13:29][C][template.binary_sensor:028]: Template Binary Sensor 'EVU_SPERRE'
[22:13:29][C][template.binary_sensor:028]: Template Binary Sensor 'FILTERWECHSEL_BEIDE'
[22:13:29][C][template.binary_sensor:028]: Template Binary Sensor 'HEIZKREISPUMPE'
[22:13:30][C][template.binary_sensor:028]: Template Binary Sensor 'ABTAUEN_VERDAMPFER'
[22:13:30][C][template.binary_sensor:028]: Template Binary Sensor 'FILTERWECHSEL_ABLUFT'
[22:13:30][C][template.binary_sensor:028]: Template Binary Sensor 'FILTERWECHSEL_ZULUFT'
[22:13:30][C][template.binary_sensor:028]: Template Binary Sensor 'AUFHEIZPROGRAMM_AKTIV'
[22:13:30][C][template.binary_sensor:028]: Template Binary Sensor 'SOMMERBETRIEB_AKTIV'
[22:13:30][C][template.binary_sensor:028]: Template Binary Sensor 'OFEN_KAMIN_AKTIV'
[22:13:30][C][template.sensor:022]: Template Sensor 'EL_AUFNAHMELEISTUNG_WW_TAG_WH'
[22:13:30][C][template.sensor:022]:   State Class: 'measurement'
[22:13:30][C][template.sensor:022]:   Unit of Measurement: ''
[22:13:30][C][template.sensor:022]:   Accuracy Decimals: 3
[22:13:30][C][template.sensor:023]:   Update Interval: never
[22:13:30][C][template.sensor:022]: Template Sensor 'EL_AUFNAHMELEISTUNG_HEIZ_TAG_WH'
[22:13:30][C][template.sensor:022]:   State Class: 'measurement'
[22:13:30][C][template.sensor:022]:   Unit of Measurement: ''
[22:13:30][C][template.sensor:022]:   Accuracy Decimals: 3
[22:13:30][C][template.sensor:023]:   Update Interval: never
[22:13:30][C][template.sensor:022]: Template Sensor 'WAERMEERTRAG_2WE_WW_TAG_WH'
[22:13:30][C][template.sensor:022]:   State Class: 'measurement'
[22:13:30][C][template.sensor:022]:   Unit of Measurement: ''
[22:13:30][C][template.sensor:022]:   Accuracy Decimals: 3
[22:13:30][C][template.sensor:023]:   Update Interval: never
[22:13:30][D][canbus:078]: received can message (#1) std can_id=0x480 size=7
[22:13:30][D][CAN:183]: Can message received with CANId 0x0480
[22:13:30][I][Communication:109]: Message received: Read/Write ID 0xa1 0x00(0x0500) for property SOFTWARE_NUMMER (0x0199) with raw value: 0
[22:13:30][D][Communication:111]: Message is not a response. Dropping it!
[22:13:30][D][canbus:078]: received can message (#2) std can_id=0x500 size=7
[22:13:30][D][CAN:183]: Can message received with CANId 0x0500
[22:13:30][I][Communication:109]: Message received: Read/Write ID 0x92 0x00(0x0480) for property SOFTWARE_NUMMER (0x0199) with raw value: 147
[22:13:30][D][CAN:190]: No CANMember with CANId 0x0500 available.
[22:13:30][W][component:239]: Component canbus took a long time for an operation (84 ms).
[22:13:30][W][component:240]: Components should block for at most 30 ms.
[22:13:30][C][template.sensor:022]: Template Sensor 'WAERMEERTRAG_2WE_HEIZ_TAG_WH'
[22:13:30][C][template.sensor:022]:   State Class: 'measurement'
[22:13:30][C][template.sensor:022]:   Unit of Measurement: ''
[22:13:30][C][template.sensor:022]:   Accuracy Decimals: 3
[22:13:30][C][template.sensor:023]:   Update Interval: never
[22:13:30][C][template.sensor:022]: Template Sensor 'WAERMEERTRAG_WW_TAG_WH'
[22:13:30][C][template.sensor:022]:   State Class: 'measurement'
[22:13:30][C][template.sensor:022]:   Unit of Measurement: ''
[22:13:30][C][template.sensor:022]:   Accuracy Decimals: 3
[22:13:30][C][template.sensor:023]:   Update Interval: never
[22:13:30][C][template.sensor:022]: Template Sensor 'WAERMEERTRAG_HEIZ_TAG_WH'
[22:13:30][C][template.sensor:022]:   State Class: 'measurement'
[22:13:30][C][template.sensor:022]:   Unit of Measurement: ''
[22:13:30][C][template.sensor:022]:   Accuracy Decimals: 3
[22:13:30][C][template.sensor:023]:   Update Interval: never
[22:13:30][C][template.sensor:022]: Template Sensor 'WAERMEERTRAG_RUECKGE_TAG_WH'
[22:13:30][C][template.sensor:022]:   State Class: 'measurement'
[22:13:30][C][template.sensor:022]:   Unit of Measurement: ''
[22:13:30][C][template.sensor:022]:   Accuracy Decimals: 3
[22:13:30][C][template.sensor:023]:   Update Interval: never
[22:13:30][C][template.switch:068]: Template Switch 'KUEHLUNG HK1'
[22:13:30][C][template.switch:091]:   Restore Mode: always OFF
[22:13:30][C][template.switch:057]:   Optimistic: YES
[22:13:30][C][homeassistant.time:010]: Home Assistant Time:
[22:13:30][C][homeassistant.time:011]:   Timezone: 'CET-1CEST,M3.5.0,M10.5.0/3'
[22:13:30][C][version.text_sensor:021]: Version Text Sensor 'ESPHome Version'
[22:13:30][C][version.text_sensor:021]:   Icon: 'mdi:new-box'
[22:13:30][V][version.text_sensor:021]:   Unique ID: '3c610511a090-version'
[22:13:30][C][wifi_info:014]: WifiInfo Mac Address 'MAC Adresse'
[22:13:30][V][wifi_info:014]:   Unique ID: '3c610511a090-wifiinfo-macadr'
[22:13:30][C][status:034]: Status Binary Sensor 'ESP32 Status'
[22:13:30][C][status:034]:   Device Class: 'connectivity'
[22:13:30][C][restart.button:017]: Restart Button 'ESP32 Neustart'
[22:13:30][C][restart.button:017]:   Icon: 'mdi:restart'
[22:13:30][C][safe_mode.button:024]: Safe Mode Button 'ESP32 Safe Mode'
[22:13:30][C][safe_mode.button:024]:   Icon: 'mdi:shield-check'
[22:13:30][C][factory_reset.button:011]: Factory Reset Button 'ESP32 Factory Reset'
[22:13:30][C][factory_reset.button:011]:   Icon: 'mdi:backup-restore'
[22:13:30][C][captive_portal:089]: Captive Portal:
[22:13:30][C][web_server:285]: Web Server:
[22:13:30][C][web_server:286]:   Address: heatingpump.local:80
[22:13:30][C][sntp:042]: SNTP Time:
[22:13:30][C][sntp:045]:   Server 0: '0.pool.ntp.org'
[22:13:30][C][sntp:045]:   Server 1: '1.pool.ntp.org'
[22:13:30][C][sntp:045]:   Server 2: '2.pool.ntp.org'
[22:13:30][C][sntp:042]: SNTP Time:
[22:13:30][C][sntp:045]:   Server 0: '0.pool.ntp.org'
[22:13:30][C][sntp:045]:   Server 1: '1.pool.ntp.org'
[22:13:30][C][sntp:045]:   Server 2: '2.pool.ntp.org'
[22:13:30][C][sntp:042]: SNTP Time:
[22:13:30][C][sntp:045]:   Server 0: '0.pool.ntp.org'
[22:13:30][C][sntp:045]:   Server 1: '1.pool.ntp.org'
[22:13:30][C][sntp:045]:   Server 2: '2.pool.ntp.org'
[22:13:30][C][sntp:042]: SNTP Time:
[22:13:30][C][sntp:045]:   Server 0: '0.pool.ntp.org'
[22:13:30][C][sntp:045]:   Server 1: '1.pool.ntp.org'
[22:13:30][C][sntp:045]:   Server 2: '2.pool.ntp.org'
[22:13:30][C][sntp:042]: SNTP Time:
[22:13:30][C][sntp:045]:   Server 0: '0.pool.ntp.org'
[22:13:30][C][sntp:045]:   Server 1: '1.pool.ntp.org'
[22:13:30][C][sntp:045]:   Server 2: '2.pool.ntp.org'
[22:13:30][C][sntp:042]: SNTP Time:
[22:13:30][C][sntp:045]:   Server 0: '0.pool.ntp.org'
[22:13:30][C][sntp:045]:   Server 1: '1.pool.ntp.org'
[22:13:30][C][sntp:045]:   Server 2: '2.pool.ntp.org'
[22:13:31][C][sntp:042]: SNTP Time:
[22:13:31][C][sntp:045]:   Server 0: '0.pool.ntp.org'
[22:13:31][C][sntp:045]:   Server 1: '1.pool.ntp.org'
[22:13:31][C][sntp:045]:   Server 2: '2.pool.ntp.org'
[22:13:31][C][mdns:116]: mDNS:
[22:13:31][C][mdns:117]:   Hostname: heatingpump-esp
[22:13:31][V][mdns:118]:   Services:
[22:13:31][V][mdns:120]:   - _esphomelib, _tcp, 6053
[22:13:31][V][mdns:122]:     TXT: friendly_name = Wärmepumpe WPL 25AC
[22:13:31][V][mdns:122]:     TXT: version = 2025.4.1
[22:13:31][V][mdns:122]:     TXT: mac = 3c610511a090
[22:13:31][V][mdns:122]:     TXT: platform = ESP32
[22:13:31][V][mdns:122]:     TXT: board = esp32dev
[22:13:31][V][mdns:122]:     TXT: network = wifi
[22:13:31][V][mdns:122]:     TXT: api_encryption = Noise_NNpsk0_25519_ChaChaPoly_SHA256
[22:13:31][V][mdns:120]:   - _http, _tcp, 80
[22:13:31][C][esphome.ota:073]: Over-The-Air updates:
[22:13:31][C][esphome.ota:074]:   Address: heatingpump.local:3232
[22:13:31][C][esphome.ota:075]:   Version: 2
[22:13:31][C][esphome.ota:078]:   Password configured
[22:13:31][C][safe_mode:018]: Safe Mode:
[22:13:31][C][safe_mode:020]:   Boot considered successful after 60 seconds
[22:13:31][C][safe_mode:021]:   Invoke after 10 boot attempts
[22:13:31][C][safe_mode:023]:   Remain in safe mode for 300 seconds
[22:13:31][C][api:140]: API Server:
[22:13:31][C][api:141]:   Address: heatingpump.local:6053
[22:13:31][C][api:143]:   Using noise encryption: YES
[22:13:31][C][wifi_signal.sensor:010]: WiFi Signal 'WLAN Signal'
[22:13:31][C][wifi_signal.sensor:010]:   Device Class: 'signal_strength'
[22:13:31][C][wifi_signal.sensor:010]:   State Class: 'measurement'
[22:13:31][C][wifi_signal.sensor:010]:   Unit of Measurement: 'dBm'
[22:13:31][C][wifi_signal.sensor:010]:   Accuracy Decimals: 0
[22:13:31][V][wifi_signal.sensor:010]:   Unique ID: '3c610511a090-wifisignal'
[22:13:31][C][wifi_info:012]: WifiInfo SSID 'WLAN SSID'
[22:13:31][V][wifi_info:012]:   Unique ID: '3c610511a090-wifiinfo-ssid'
[22:13:31][C][wifi_info:010]: WifiInfo IPAddress 'IP Adresse'
[22:13:31][V][wifi_info:010]:   Unique ID: '3c610511a090-wifiinfo-ip'
[22:13:31][C][template.select:065]: Template Select 'PASSIVKUEHLUNG'
[22:13:31][C][template.select:066]:   Update Interval: 60.0s
[22:13:31][C][template.select:069]:   Optimistic: YES
[22:13:31][C][template.select:070]:   Initial Option: Unbekannt
[22:13:31][C][template.select:071]:   Restore Value: NO
[22:13:31][C][template.select:065]: Template Select 'PROGRAMMSCHALTER'
[22:13:31][C][template.select:066]:   Update Interval: 60.0s
[22:13:31][C][template.select:069]:   Optimistic: YES
[22:13:31][C][template.select:070]:   Initial Option: Unbekannt
[22:13:31][C][template.select:071]:   Restore Value: NO
[22:13:31][C][homeassistant.sensor:030]: Homeassistant Sensor 'Temperature Sensor From Home Assistant'
[22:13:31][C][homeassistant.sensor:030]:   State Class: ''
[22:13:31][C][homeassistant.sensor:030]:   Unit of Measurement: ''
[22:13:31][C][homeassistant.sensor:030]:   Accuracy Decimals: 1
[22:13:31][C][homeassistant.sensor:031]:   Entity ID: 'sensor.durchschnittstemperatur'
[22:13:31][C][homeassistant.sensor:030]: Homeassistant Sensor 'Humidity Sensor From Home Assistant'
[22:13:31][C][homeassistant.sensor:030]:   State Class: ''
[22:13:31][C][homeassistant.sensor:030]:   Unit of Measurement: ''
[22:13:31][C][homeassistant.sensor:030]:   Accuracy Decimals: 1
[22:13:31][C][homeassistant.sensor:031]:   Entity ID: 'sensor.durchschnitt_luftfeuchtigkeit_haus'
[22:13:32][D][canbus:078]: received can message (#1) std can_id=0x480 size=7
[22:13:32][D][CAN:183]: Can message received with CANId 0x0480
[22:13:32][I][Communication:109]: Message received: Read/Write ID 0xa1 0x00(0x0500) for property WPVORLAUFIST (0x01d6) with raw value: 0
[22:13:32][D][Communication:111]: Message is not a response. Dropping it!
[22:13:32][D][canbus:078]: received can message (#2) std can_id=0x480 size=7
[22:13:32][D][CAN:183]: Can message received with CANId 0x0480
[22:13:32][I][Communication:109]: Message received: Read/Write ID 0xa1 0x00(0x0500) for property RUECKLAUFISTTEMP (0x0016) with raw value: 0
[22:13:32][D][Communication:111]: Message is not a response. Dropping it!
[22:13:32][D][canbus:078]: received can message (#3) std can_id=0x100 size=7
[22:13:32][D][CAN:183]: Can message received with CANId 0x0100
[22:13:32][I][Communication:109]: Message received: Read/Write ID 0x31 0x00(0x0180) for property AUSSENTEMP (0x000c) with raw value: 0
[22:13:32][D][Communication:111]: Message is not a response. Dropping it!
[22:13:32][D][CAN:190]: No CANMember with CANId 0x0100 available.
[22:13:32][D][canbus:078]: received can message (#4) std can_id=0x500 size=7
[22:13:32][D][CAN:183]: Can message received with CANId 0x0500
[22:13:32][I][Communication:109]: Message received: Read/Write ID 0x92 0x00(0x0480) for property WPVORLAUFIST (0x01d6) with raw value: 565
[22:13:32][D][CAN:190]: No CANMember with CANId 0x0500 available.
[22:13:32][D][canbus:078]: received can message (#5) std can_id=0x180 size=7
[22:13:32][D][CAN:183]: Can message received with CANId 0x0180
[22:13:32][I][Communication:109]: Message received: Read/Write ID 0x22 0x00(0x0100) for property AUSSENTEMP (0x000c) with raw value: 59
[22:13:32][D][Communication:111]: Message is not a response. Dropping it!
[22:13:32][D][canbus:078]: received can message (#6) std can_id=0x500 size=7
[22:13:32][D][CAN:183]: Can message received with CANId 0x0500
[22:13:32][I][Communication:109]: Message received: Read/Write ID 0x92 0x00(0x0480) for property RUECKLAUFISTTEMP (0x0016) with raw value: 504
[22:13:32][D][CAN:190]: No CANMember with CANId 0x0500 available.
[22:13:32][D][canbus:078]: received can message (#7) std can_id=0x500 size=7
[22:13:32][D][CAN:183]: Can message received with CANId 0x0500
[22:13:32][I][Communication:109]: Message received: Read/Write ID 0x92 0x00(0x0480) for property VERDICHTER (0x07a8) with raw value: 536
[22:13:32][D][CAN:190]: No CANMember with CANId 0x0500 available.
[22:13:32][D][canbus:078]: received can message (#8) std can_id=0x500 size=7
[22:13:32][D][CAN:183]: Can message received with CANId 0x0500
[22:13:32][I][Communication:109]: Message received: Read/Write ID 0x92 0x00(0x0480) for property UNKNOWN (0x0a36) with raw value: 535
[22:13:32][D][CAN:190]: No CANMember with CANId 0x0500 available.
[22:13:32][D][canbus:078]: received can message (#9) std can_id=0x500 size=7
[22:13:32][D][CAN:183]: Can message received with CANId 0x0500
[22:13:32][I][Communication:109]: Message received: Read/Write ID 0x92 0x00(0x0480) for property VERDICHTER (0x07a8) with raw value: 536
[22:13:32][D][CAN:190]: No CANMember with CANId 0x0500 available.
[22:13:32][W][component:239]: Component canbus took a long time for an operation (370 ms).
[22:13:32][W][component:240]: Components should block for at most 30 ms.
[22:13:32][D][canbus:078]: received can message (#1) std can_id=0x500 size=7
[22:13:32][D][CAN:183]: Can message received with CANId 0x0500
[22:13:32][I][Communication:109]: Message received: Read/Write ID 0x92 0x00(0x0480) for property UNKNOWN (0x0669) with raw value: 5753
[22:13:32][D][CAN:190]: No CANMember with CANId 0x0500 available.
[22:13:33][I][QUEUE:076]: Requesting data from HK1 for VORLAUFISTTEMP
[22:13:33][D][canbus:035]: send standard id=0x700 rtr=FALSE size=7
[22:13:33][D][canbus:078]: received can message (#1) std can_id=0x301 size=7
[22:13:33][D][CAN:183]: Can message received with CANId 0x0301
[22:13:33][I][Communication:109]: Message received: Read/Write ID 0xe2 0x00(0x0700) for property VORLAUFISTTEMP (0x000f) with raw value: 32768
[22:13:33][V][json:020]: Attempting to allocate 512 bytes for JSON serialization
[22:13:33][V][json:040]: Size after shrink 84 bytes
[22:13:33][W][component:239]: Component canbus took a long time for an operation (60 ms).
[22:13:33][W][component:240]: Components should block for at most 30 ms.
[22:13:34][I][TEST:170]: --- Zyklische Test-Abfrage ---
[22:13:34][I][QUEUE:076]: Requesting data from Kessel for AUSSENTEMP
[22:13:34][I][QUEUE:076]: Requesting data from Kessel for VORLAUFISTTEMP
[22:13:34][I][QUEUE:076]: Requesting data from Kessel for SPEICHERISTTEMP
[22:13:34][I][QUEUE:076]: Requesting data from HK1 for HKISTTEMP
[22:13:34][I][QUEUE:076]: Requesting data from HK2 for HKISTTEMP
[22:13:34][I][QUEUE:076]: Requesting data from Kessel for WAERMEPUMPEN_STATUS
[22:13:34][W][component:239]: Component interval took a long time for an operation (55 ms).
[22:13:34][W][component:240]: Components should block for at most 30 ms.
[22:13:34][D][canbus:035]: send standard id=0x700 rtr=FALSE size=7
[22:13:34][D][canbus:078]: received can message (#1) std can_id=0x180 size=7
[22:13:34][D][CAN:183]: Can message received with CANId 0x0180
[22:13:34][I][Communication:109]: Message received: Read/Write ID 0xe2 0x00(0x0700) for property AUSSENTEMP (0x000c) with raw value: 32768
[22:13:34][V][json:020]: Attempting to allocate 512 bytes for JSON serialization
[22:13:34][V][json:040]: Size after shrink 80 bytes
[22:13:34][D][canbus:078]: received can message (#2) std can_id=0x100 size=7
[22:13:34][D][CAN:183]: Can message received with CANId 0x0100
[22:13:34][I][Communication:109]: Message received: Read/Write ID 0x31 0x00(0x0180) for property RUECKLAUFISTTEMP (0x0016) with raw value: 0
[22:13:34][D][Communication:111]: Message is not a response. Dropping it!
[22:13:34][D][CAN:190]: No CANMember with CANId 0x0100 available.
[22:13:34][D][canbus:078]: received can message (#3) std can_id=0x180 size=7
[22:13:34][D][CAN:183]: Can message received with CANId 0x0180
[22:13:34][I][Communication:109]: Message received: Read/Write ID 0x22 0x00(0x0100) for property RUECKLAUFISTTEMP (0x0016) with raw value: 326
[22:13:34][D][Communication:111]: Message is not a response. Dropping it!
[22:13:34][W][component:239]: Component canbus took a long time for an operation (141 ms).
[22:13:34][W][component:240]: Components should block for at most 30 ms.
[22:13:34][D][canbus:035]: send standard id=0x700 rtr=FALSE size=7
[22:13:34][D][canbus:078]: received can message (#1) std can_id=0x180 size=7
[22:13:34][D][CAN:183]: Can message received with CANId 0x0180
[22:13:34][I][Communication:109]: Message received: Read/Write ID 0xe2 0x00(0x0700) for property VORLAUFISTTEMP (0x000f) with raw value: 32768
[22:13:34][I][CallbackHandler:063]: Callback not found for Kessel VORLAUFISTTEMP (0x000f)
[22:13:34][D][canbus:035]: send standard id=0x700 rtr=FALSE size=7
[22:13:34][D][canbus:078]: received can message (#1) std can_id=0x180 size=7
[22:13:34][D][CAN:183]: Can message received with CANId 0x0180
[22:13:34][I][Communication:109]: Message received: Read/Write ID 0xe2 0x00(0x0700) for property SPEICHERISTTEMP (0x000e) with raw value: 32768
[22:13:34][V][json:020]: Attempting to allocate 512 bytes for JSON serialization
[22:13:34][V][json:040]: Size after shrink 84 bytes
[22:13:34][W][component:239]: Component canbus took a long time for an operation (54 ms).
[22:13:34][W][component:240]: Components should block for at most 30 ms.
[22:13:35][D][canbus:035]: send standard id=0x700 rtr=FALSE size=7
[22:13:35][D][canbus:078]: received can message (#1) std can_id=0x301 size=7
[22:13:35][D][CAN:183]: Can message received with CANId 0x0301
[22:13:35][I][Communication:109]: Message received: Read/Write ID 0xe2 0x00(0x0700) for property HKISTTEMP (0x02ca) with raw value: 32768
[22:13:35][I][CallbackHandler:063]: Callback not found for HK1 HKISTTEMP (0x02ca)
[22:13:35][D][canbus:035]: send standard id=0x700 rtr=FALSE size=7
[22:13:35][D][canbus:078]: received can message (#1) std can_id=0x302 size=7
[22:13:35][D][CAN:183]: Can message received with CANId 0x0302
[22:13:35][I][Communication:109]: Message received: Read/Write ID 0xe2 0x00(0x0700) for property HKISTTEMP (0x02ca) with raw value: 32768
[22:13:35][I][CallbackHandler:063]: Callback not found for HK2 HKISTTEMP (0x02ca)
[22:13:35][D][canbus:035]: send standard id=0x700 rtr=FALSE size=7
[22:13:35][D][canbus:078]: received can message (#1) std can_id=0x180 size=7
[22:13:35][D][CAN:183]: Can message received with CANId 0x0180
[22:13:35][I][Communication:109]: Message received: Read/Write ID 0xe2 0x00(0x0700) for property WAERMEPUMPEN_STATUS (0x0062) with raw value: 32768
[22:13:35][I][CallbackHandler:063]: Callback not found for Kessel WAERMEPUMPEN_STATUS (0x0062)
[22:13:35][I][QUEUE:076]: Requesting data from Kessel for RUECKLAUFISTTEMP
[22:13:35][D][canbus:035]: send standard id=0x700 rtr=FALSE size=7
[22:13:35][D][canbus:078]: received can message (#1) std can_id=0x180 size=7
[22:13:35][D][CAN:183]: Can message received with CANId 0x0180
[22:13:35][I][Communication:109]: Message received: Read/Write ID 0xe2 0x00(0x0700) for property RUECKLAUFISTTEMP (0x0016) with raw value: 32768
[22:13:35][V][json:020]: Attempting to allocate 512 bytes for JSON serialization
[22:13:35][V][json:040]: Size after shrink 84 bytes
[22:13:35][W][component:239]: Component canbus took a long time for an operation (56 ms).
[22:13:35][W][component:240]: Components should block for at most 30 ms.
[22:13:36][V][json:020]: Attempting to allocate 512 bytes for JSON serialization
[22:13:36][V][json:040]: Size after shrink 76 bytes
[22:13:36][I][QUEUE:076]: Requesting data from Kessel for HEIZLEISTUNG_RELATIV
[22:13:36][D][canbus:035]: send standard id=0x700 rtr=FALSE size=7
[22:13:36][D][canbus:078]: received can message (#1) std can_id=0x180 size=7
[22:13:36][D][CAN:183]: Can message received with CANId 0x0180
[22:13:36][I][Communication:109]: Message received: Read/Write ID 0xe2 0x00(0x0700) for property HEIZLEISTUNG_RELATIV (0x069a) with raw value: 32768
[22:13:36][V][json:020]: Attempting to allocate 512 bytes for JSON serialization
[22:13:36][V][json:040]: Size after shrink 88 bytes
[22:13:36][W][component:239]: Component canbus took a long time for an operation (58 ms).
[22:13:36][W][component:240]: Components should block for at most 30 ms.
[22:13:37][D][canbus:078]: received can message (#1) std can_id=0x480 size=7
[22:13:37][D][CAN:183]: Can message received with CANId 0x0480
[22:13:37][I][Communication:109]: Message received: Read/Write ID 0xa0 0x00(0x0500) for property SPEICHERBEDARF (0x005f) with raw value: 512
[22:13:37][D][Communication:111]: Message is not a response. Dropping it!
[22:13:37][D][canbus:078]: received can message (#2) std can_id=0x180 size=7
[22:13:37][D][CAN:183]: Can message received with CANId 0x0180
[22:13:37][I][Communication:109]: Message received: Read/Write ID 0xa0 0x79(0x0539) for property AUSSENTEMP (0x000c) with raw value: 59
[22:13:37][D][Communication:111]: Message is not a response. Dropping it!
[22:13:37][W][component:239]: Component canbus took a long time for an operation (78 ms).
[22:13:37][W][component:240]: Components should block for at most 30 ms.
[22:13:37][D][canbus:078]: received can message (#1) std can_id=0x100 size=7
[22:13:37][D][CAN:183]: Can message received with CANId 0x0100
[22:13:37][I][Communication:109]: Message received: Read/Write ID 0x31 0x00(0x0180) for property SPEICHERISTTEMP (0x000e) with raw value: 0
[22:13:37][D][Communication:111]: Message is not a response. Dropping it!
[22:13:37][D][CAN:190]: No CANMember with CANId 0x0100 available.
[22:13:37][D][canbus:078]: received can message (#2) std can_id=0x180 size=7
[22:13:37][D][CAN:183]: Can message received with CANId 0x0180
[22:13:37][I][Communication:109]: Message received: Read/Write ID 0x22 0x00(0x0100) for property SPEICHERISTTEMP (0x000e) with raw value: 487
[22:13:37][D][Communication:111]: Message is not a response. Dropping it!
[22:13:37][W][component:239]: Component canbus took a long time for an operation (91 ms).
[22:13:37][W][component:240]: Components should block for at most 30 ms.
[22:13:39][D][canbus:078]: received can message (#1) std can_id=0x500 size=7
[22:13:39][D][CAN:183]: Can message received with CANId 0x0500
[22:13:39][I][Communication:109]: Message received: Read/Write ID 0x90 0x00(0x0480) for property UNKNOWN (0x0a36) with raw value: 537
[22:13:39][D][Communication:111]: Message is not a response. Dropping it!
[22:13:39][D][CAN:190]: No CANMember with CANId 0x0500 available.
[22:13:41][I][QUEUE:076]: Requesting data from Kessel for SAMMLERISTTEMP
[22:13:42][D][canbus:035]: send standard id=0x700 rtr=FALSE size=7
[22:13:42][D][canbus:078]: received can message (#1) std can_id=0x180 size=7
[22:13:42][D][CAN:183]: Can message received with CANId 0x0180
[22:13:42][I][Communication:109]: Message received: Read/Write ID 0xe2 0x00(0x0700) for property SAMMLERISTTEMP (0x000d) with raw value: 32768
[22:13:42][V][json:020]: Attempting to allocate 512 bytes for JSON serialization
[22:13:42][V][json:040]: Size after shrink 84 bytes
[22:13:42][W][component:239]: Component canbus took a long time for an operation (60 ms).
[22:13:42][W][component:240]: Components should block for at most 30 ms.
[22:13:42][D][canbus:078]: received can message (#1) std can_id=0x480 size=7
[22:13:42][D][CAN:183]: Can message received with CANId 0x0480
[22:13:42][I][Communication:109]: Message received: Read/Write ID 0xa1 0x00(0x0500) for property WPVORLAUFIST (0x01d6) with raw value: 0
[22:13:42][D][Communication:111]: Message is not a response. Dropping it!
[22:13:42][D][canbus:078]: received can message (#2) std can_id=0x480 size=7
[22:13:42][D][CAN:183]: Can message received with CANId 0x0480
[22:13:42][I][Communication:109]: Message received: Read/Write ID 0xa1 0x00(0x0500) for property RUECKLAUFISTTEMP (0x0016) with raw value: 0
[22:13:42][D][Communication:111]: Message is not a response. Dropping it!
[22:13:42][D][canbus:078]: received can message (#3) std can_id=0x480 size=7
[22:13:42][D][CAN:183]: Can message received with CANId 0x0480
[22:13:42][I][Communication:109]: Message received: Read/Write ID 0xa1 0x00(0x0500) for property UNKNOWN (0x0a36) with raw value: 0
[22:13:42][D][Communication:111]: Message is not a response. Dropping it!
[22:13:42][D][canbus:078]: received can message (#4) std can_id=0x180 size=7
[22:13:42][D][CAN:183]: Can message received with CANId 0x0180
[22:13:42][I][Communication:109]: Message received: Read/Write ID 0xa0 0x79(0x0539) for property AUSSENTEMP (0x000c) with raw value: 59
[22:13:42][D][Communication:111]: Message is not a response. Dropping it!
[22:13:42][D][canbus:078]: received can message (#5) std can_id=0x500 size=7
[22:13:42][D][CAN:183]: Can message received with CANId 0x0500
[22:13:42][I][Communication:109]: Message received: Read/Write ID 0x92 0x00(0x0480) for property RUECKLAUFISTTEMP (0x0016) with raw value: 507
[22:13:42][D][CAN:190]: No CANMember with CANId 0x0500 available.
[22:13:42][D][canbus:078]: received can message (#6) std can_id=0x500 size=7
[22:13:42][D][CAN:183]: Can message received with CANId 0x0500
[22:13:42][I][Communication:109]: Message received: Read/Write ID 0x92 0x00(0x0480) for property VERDICHTER (0x07a8) with raw value: 536
[22:13:42][D][CAN:190]: No CANMember with CANId 0x0500 available.
[22:13:42][W][component:239]: Component canbus took a long time for an operation (231 ms).
[22:13:42][W][component:240]: Components should block for at most 30 ms.
[22:13:42][D][canbus:078]: received can message (#1) std can_id=0x500 size=7
[22:13:42][D][CAN:183]: Can message received with CANId 0x0500
[22:13:42][I][Communication:109]: Message received: Read/Write ID 0x92 0x00(0x0480) for property UNKNOWN (0x0a36) with raw value: 537
[22:13:42][D][CAN:190]: No CANMember with CANId 0x0500 available.
[22:13:42][D][canbus:078]: received can message (#1) std can_id=0x500 size=7
[22:13:42][D][CAN:183]: Can message received with CANId 0x0500
[22:13:42][I][Communication:109]: Message received: Read/Write ID 0x92 0x00(0x0480) for property VERDICHTER (0x07a8) with raw value: 536
[22:13:42][D][CAN:190]: No CANMember with CANId 0x0500 available.
[22:13:42][D][canbus:078]: received can message (#1) std can_id=0x500 size=7
[22:13:42][D][CAN:183]: Can message received with CANId 0x0500
[22:13:42][I][Communication:109]: Message received: Read/Write ID 0x92 0x00(0x0480) for property UNKNOWN (0x0669) with raw value: 5753
[22:13:42][D][CAN:190]: No CANMember with CANId 0x0500 available.
[22:13:44][D][canbus:078]: received can message (#1) std can_id=0x100 size=7
[22:13:44][D][CAN:183]: Can message received with CANId 0x0100
[22:13:44][I][Communication:109]: Message received: Read/Write ID 0x31 0x00(0x0180) for property AUSSENTEMP (0x000c) with raw value: 0
[22:13:44][D][Communication:111]: Message is not a response. Dropping it!
[22:13:44][D][CAN:190]: No CANMember with CANId 0x0100 available.
[22:13:44][D][canbus:078]: received can message (#2) std can_id=0x180 size=7
[22:13:44][D][CAN:183]: Can message received with CANId 0x0180
[22:13:44][I][Communication:109]: Message received: Read/Write ID 0x22 0x00(0x0100) for property AUSSENTEMP (0x000c) with raw value: 59
[22:13:44][D][Communication:111]: Message is not a response. Dropping it!
[22:13:44][W][component:239]: Component canbus took a long time for an operation (87 ms).
[22:13:44][W][component:240]: Components should block for at most 30 ms.
[22:13:46][D][canbus:078]: received can message (#1) std can_id=0x100 size=7
[22:13:46][D][CAN:183]: Can message received with CANId 0x0100
[22:13:46][I][Communication:109]: Message received: Read/Write ID 0x31 0x00(0x0180) for property RUECKLAUFISTTEMP (0x0016) with raw value: 0
[22:13:46][D][Communication:111]: Message is not a response. Dropping it!
[22:13:46][D][CAN:190]: No CANMember with CANId 0x0100 available.
[22:13:46][D][canbus:078]: received can message (#2) std can_id=0x180 size=7
[22:13:46][D][CAN:183]: Can message received with CANId 0x0180
[22:13:46][I][Communication:109]: Message received: Read/Write ID 0x22 0x00(0x0100) for property RUECKLAUFISTTEMP (0x0016) with raw value: 324
[22:13:46][D][Communication:111]: Message is not a response. Dropping it!
[22:13:46][W][component:239]: Component canbus took a long time for an operation (92 ms).
[22:13:46][W][component:240]: Components should block for at most 30 ms.
[22:13:47][D][canbus:078]: received can message (#1) std can_id=0x480 size=7
[22:13:47][D][CAN:183]: Can message received with CANId 0x0480
[22:13:47][I][Communication:109]: Message received: Read/Write ID 0xa0 0x00(0x0500) for property SPEICHERBEDARF (0x005f) with raw value: 512
[22:13:47][D][Communication:111]: Message is not a response. Dropping it!
[22:13:47][D][canbus:078]: received can message (#2) std can_id=0x180 size=7
[22:13:47][D][CAN:183]: Can message received with CANId 0x0180
[22:13:47][I][Communication:109]: Message received: Read/Write ID 0xa0 0x79(0x0539) for property AUSSENTEMP (0x000c) with raw value: 59
[22:13:47][D][Communication:111]: Message is not a response. Dropping it!
[22:13:47][W][component:239]: Component canbus took a long time for an operation (79 ms).
[22:13:47][W][component:240]: Components should block for at most 30 ms.
[22:13:48][V][json:020]: Attempting to allocate 512 bytes for JSON serialization
[22:13:48][V][json:040]: Size after shrink 84 bytes
[22:13:49][D][canbus:078]: received can message (#1) std can_id=0x100 size=7
[22:13:49][D][CAN:183]: Can message received with CANId 0x0100
[22:13:49][I][Communication:109]: Message received: Read/Write ID 0x31 0x00(0x0180) for property SPEICHERISTTEMP (0x000e) with raw value: 0
[22:13:49][D][Communication:111]: Message is not a response. Dropping it!
[22:13:49][D][CAN:190]: No CANMember with CANId 0x0100 available.
[22:13:49][D][canbus:078]: received can message (#2) std can_id=0x180 size=7
[22:13:49][D][CAN:183]: Can message received with CANId 0x0180
[22:13:49][I][Communication:109]: Message received: Read/Write ID 0x22 0x00(0x0100) for property SPEICHERISTTEMP (0x000e) with raw value: 489
[22:13:49][D][Communication:111]: Message is not a response. Dropping it!
[22:13:49][W][component:239]: Component canbus took a long time for an operation (88 ms).
[22:13:49][W][component:240]: Components should block for at most 30 ms.
[22:13:50][D][canbus:078]: received can message (#1) std can_id=0x480 size=7
[22:13:50][D][CAN:183]: Can message received with CANId 0x0480
[22:13:50][I][Communication:109]: Message received: Read/Write ID 0xa1 0x00(0x0500) for property SOFTWARE_NUMMER (0x0199) with raw value: 0
[22:13:50][D][Communication:111]: Message is not a response. Dropping it!
[22:13:50][D][canbus:078]: received can message (#2) std can_id=0x500 size=7
[22:13:50][D][CAN:183]: Can message received with CANId 0x0500
[22:13:50][I][Communication:109]: Message received: Read/Write ID 0x92 0x00(0x0480) for property SOFTWARE_NUMMER (0x0199) with raw value: 147
[22:13:50][D][CAN:190]: No CANMember with CANId 0x0500 available.
[22:13:50][W][component:239]: Component canbus took a long time for an operation (81 ms).
[22:13:50][W][component:240]: Components should block for at most 30 ms.
[22:13:52][D][canbus:078]: received can message (#1) std can_id=0x480 size=7
[22:13:52][D][CAN:183]: Can message received with CANId 0x0480
[22:13:52][I][Communication:109]: Message received: Read/Write ID 0xa1 0x00(0x0500) for property WPVORLAUFIST (0x01d6) with raw value: 0
[22:13:52][D][Communication:111]: Message is not a response. Dropping it!
[22:13:52][D][canbus:078]: received can message (#2) std can_id=0x480 size=7
[22:13:52][D][CAN:183]: Can message received with CANId 0x0480
[22:13:52][I][Communication:109]: Message received: Read/Write ID 0xa1 0x00(0x0500) for property RUECKLAUFISTTEMP (0x0016) with raw value: 0
[22:13:52][D][Communication:111]: Message is not a response. Dropping it!
[22:13:52][D][canbus:078]: received can message (#3) std can_id=0x480 size=7
[22:13:52][D][CAN:183]: Can message received with CANId 0x0480
[22:13:52][I][Communication:109]: Message received: Read/Write ID 0xa1 0x00(0x0500) for property VERDICHTER (0x07a8) with raw value: 0
[22:13:52][D][Communication:111]: Message is not a response. Dropping it!
[22:13:52][D][canbus:078]: received can message (#4) std can_id=0x480 size=7
[22:13:52][D][CAN:183]: Can message received with CANId 0x0480
[22:13:52][I][Communication:109]: Message received: Read/Write ID 0x20 0x00(0x0100) for property UNKNOWN (0x4e6a) with raw value: 64
[22:13:52][D][Communication:111]: Message is not a response. Dropping it!
[22:13:52][D][canbus:078]: received can message (#5) std can_id=0x180 size=7
[22:13:52][D][CAN:183]: Can message received with CANId 0x0180
[22:13:52][I][Communication:109]: Message received: Read/Write ID 0xa0 0x79(0x0539) for property AUSSENTEMP (0x000c) with raw value: 59
[22:13:52][D][Communication:111]: Message is not a response. Dropping it!
[22:13:52][D][canbus:078]: received can message (#6) std can_id=0x480 size=7
[22:13:52][D][CAN:183]: Can message received with CANId 0x0480
[22:13:52][I][Communication:109]: Message received: Read/Write ID 0x20 0x00(0x0100) for property MINUTE (0x0126) with raw value: 2560
[22:13:52][D][Communication:111]: Message is not a response. Dropping it!
[22:13:52][W][component:239]: Component canbus took a long time for an operation (242 ms).
[22:13:52][W][component:240]: Components should block for at most 30 ms.
[22:13:52][D][canbus:078]: received can message (#1) std can_id=0x500 size=7
[22:13:52][D][CAN:183]: Can message received with CANId 0x0500
[22:13:52][I][Communication:109]: Message received: Read/Write ID 0x92 0x00(0x0480) for property WPVORLAUFIST (0x01d6) with raw value: 565
[22:13:52][D][CAN:190]: No CANMember with CANId 0x0500 available.
[22:13:53][D][canbus:078]: received can message (#1) std can_id=0x500 size=7
[22:13:53][D][CAN:183]: Can message received with CANId 0x0500
[22:13:53][I][Communication:109]: Message received: Read/Write ID 0x92 0x00(0x0480) for property RUECKLAUFISTTEMP (0x0016) with raw value: 508
[22:13:53][D][CAN:190]: No CANMember with CANId 0x0500 available.
[22:13:53][D][canbus:078]: received can message (#1) std can_id=0x500 size=7
[22:13:53][D][CAN:183]: Can message received with CANId 0x0500
[22:13:53][I][Communication:109]: Message received: Read/Write ID 0x92 0x00(0x0480) for property VERDICHTER (0x07a8) with raw value: 536
[22:13:53][D][CAN:190]: No CANMember with CANId 0x0500 available.
[22:13:53][D][canbus:078]: received can message (#1) std can_id=0x500 size=7
[22:13:53][D][CAN:183]: Can message received with CANId 0x0500
[22:13:53][I][Communication:109]: Message received: Read/Write ID 0x92 0x00(0x0480) for property UNKNOWN (0x0a36) with raw value: 537
[22:13:53][D][CAN:190]: No CANMember with CANId 0x0500 available.
[22:13:53][D][canbus:078]: received can message (#1) std can_id=0x500 size=7
[22:13:53][D][CAN:183]: Can message received with CANId 0x0500
[22:13:53][I][Communication:109]: Message received: Read/Write ID 0x92 0x00(0x0480) for property VERDICHTER (0x07a8) with raw value: 536
[22:13:53][D][CAN:190]: No CANMember with CANId 0x0500 available.
[22:13:53][D][canbus:078]: received can message (#1) std can_id=0x500 size=7
[22:13:53][D][CAN:183]: Can message received with CANId 0x0500
[22:13:53][I][Communication:109]: Message received: Read/Write ID 0x92 0x00(0x0480) for property UNKNOWN (0x0669) with raw value: 5753
[22:13:53][D][CAN:190]: No CANMember with CANId 0x0500 available.
[22:13:53][D][canbus:078]: received can message (#1) std can_id=0x100 size=7
[22:13:53][D][CAN:183]: Can message received with CANId 0x0100
[22:13:53][I][Communication:109]: Message received: Read/Write ID 0x90 0x00(0x0480) for property UNKNOWN (0x06af) with raw value: 1
[22:13:53][D][Communication:111]: Message is not a response. Dropping it!
[22:13:53][D][CAN:190]: No CANMember with CANId 0x0100 available.
[22:13:55][D][canbus:078]: received can message (#1) std can_id=0x100 size=7
[22:13:55][D][CAN:183]: Can message received with CANId 0x0100
[22:13:55][I][Communication:109]: Message received: Read/Write ID 0x31 0x00(0x0180) for property AUSSENTEMP (0x000c) with raw value: 0
[22:13:55][D][Communication:111]: Message is not a response. Dropping it!
[22:13:55][D][CAN:190]: No CANMember with CANId 0x0100 available.
[22:13:55][D][canbus:078]: received can message (#2) std can_id=0x180 size=7
[22:13:55][D][CAN:183]: Can message received with CANId 0x0180
[22:13:55][I][Communication:109]: Message received: Read/Write ID 0x22 0x00(0x0100) for property AUSSENTEMP (0x000c) with raw value: 59
[22:13:55][D][Communication:111]: Message is not a response. Dropping it!
[22:13:55][W][component:239]: Component canbus took a long time for an operation (91 ms).
[22:13:55][W][component:240]: Components should block for at most 30 ms.
[22:13:57][D][canbus:078]: received can message (#1) std can_id=0x480 size=7
[22:13:57][D][CAN:183]: Can message received with CANId 0x0480
[22:13:57][I][Communication:109]: Message received: Read/Write ID 0xa0 0x00(0x0500) for property SPEICHERBEDARF (0x005f) with raw value: 512
[22:13:57][D][Communication:111]: Message is not a response. Dropping it!
[22:13:57][D][canbus:078]: received can message (#2) std can_id=0x180 size=7
[22:13:57][D][CAN:183]: Can message received with CANId 0x0180
[22:13:57][I][Communication:109]: Message received: Read/Write ID 0xa0 0x79(0x0539) for property AUSSENTEMP (0x000c) with raw value: 59
[22:13:57][D][Communication:111]: Message is not a response. Dropping it!
[22:13:57][W][component:239]: Component canbus took a long time for an operation (82 ms).
[22:13:57][W][component:240]: Components should block for at most 30 ms.
[22:13:58][D][canbus:078]: received can message (#1) std can_id=0x100 size=7
[22:13:58][D][CAN:183]: Can message received with CANId 0x0100
[22:13:58][I][Communication:109]: Message received: Read/Write ID 0x31 0x00(0x0180) for property RUECKLAUFISTTEMP (0x0016) with raw value: 0
[22:13:58][D][Communication:111]: Message is not a response. Dropping it!
[22:13:58][D][CAN:190]: No CANMember with CANId 0x0100 available.
[22:13:58][D][canbus:078]: received can message (#2) std can_id=0x180 size=7
[22:13:58][D][CAN:183]: Can message received with CANId 0x0180
[22:13:58][I][Communication:109]: Message received: Read/Write ID 0x22 0x00(0x0100) for property RUECKLAUFISTTEMP (0x0016) with raw value: 324
[22:13:58][D][Communication:111]: Message is not a response. Dropping it!
[22:13:58][W][component:239]: Component canbus took a long time for an operation (89 ms).
[22:13:58][W][component:240]: Components should block for at most 30 ms.
[22:13:59][D][canbus:078]: received can message (#1) std can_id=0x480 size=7
[22:13:59][D][CAN:183]: Can message received with CANId 0x0480
[22:13:59][I][Communication:109]: Message received: Read/Write ID 0xa0 0x00(0x0500) for property MISCHERLAUFZEIT (0x002c) with raw value: 0
[22:13:59][D][Communication:111]: Message is not a response. Dropping it!
[22:14:00][D][canbus:078]: received can message (#1) std can_id=0x480 size=7
[22:14:00][D][CAN:183]: Can message received with CANId 0x0480
[22:14:00][I][Communication:109]: Message received: Read/Write ID 0xa1 0x00(0x0500) for property SOFTWARE_NUMMER (0x0199) with raw value: 0
[22:14:00][D][Communication:111]: Message is not a response. Dropping it!
[22:14:00][D][canbus:078]: received can message (#1) std can_id=0x500 size=7
[22:14:00][D][CAN:183]: Can message received with CANId 0x0500
[22:14:00][I][Communication:109]: Message received: Read/Write ID 0x92 0x00(0x0480) for property SOFTWARE_NUMMER (0x0199) with raw value: 147
[22:14:00][D][CAN:190]: No CANMember with CANId 0x0500 available.
[22:14:01][D][canbus:078]: received can message (#1) std can_id=0x100 size=7
[22:14:01][D][CAN:183]: Can message received with CANId 0x0100
[22:14:01][I][Communication:109]: Message received: Read/Write ID 0x31 0x00(0x0180) for property SPEICHERISTTEMP (0x000e) with raw value: 0
[22:14:01][D][Communication:111]: Message is not a response. Dropping it!
[22:14:01][D][CAN:190]: No CANMember with CANId 0x0100 available.
[22:14:01][D][canbus:078]: received can message (#2) std can_id=0x180 size=7
[22:14:01][D][CAN:183]: Can message received with CANId 0x0180
[22:14:01][I][Communication:109]: Message received: Read/Write ID 0x22 0x00(0x0100) for property SPEICHERISTTEMP (0x000e) with raw value: 490
[22:14:01][D][Communication:111]: Message is not a response. Dropping it!
[22:14:01][W][component:239]: Component canbus took a long time for an operation (84 ms).
[22:14:01][W][component:240]: Components should block for at most 30 ms.
[22:14:02][D][canbus:078]: received can message (#1) std can_id=0x480 size=7
[22:14:02][D][CAN:183]: Can message received with CANId 0x0480
[22:14:02][I][Communication:109]: Message received: Read/Write ID 0xa1 0x00(0x0500) for property WPVORLAUFIST (0x01d6) with raw value: 0
[22:14:02][D][Communication:111]: Message is not a response. Dropping it!
[22:14:02][D][canbus:078]: received can message (#2) std can_id=0x480 size=7
[22:14:02][D][CAN:183]: Can message received with CANId 0x0480
[22:14:02][I][Communication:109]: Message received: Read/Write ID 0xa1 0x00(0x0500) for property RUECKLAUFISTTEMP (0x0016) with raw value: 0
[22:14:02][D][Communication:111]: Message is not a response. Dropping it!
[22:14:02][D][canbus:078]: received can message (#3) std can_id=0x480 size=7
[22:14:02][D][CAN:183]: Can message received with CANId 0x0480
[22:14:02][I][Communication:109]: Message received: Read/Write ID 0xa0 0x00(0x0500) for property INTEGRAL_REGELABWEICHUNG_RELATIV (0x0917) with raw value: 0
[22:14:02][D][Communication:111]: Message is not a response. Dropping it!
[22:14:02][D][canbus:078]: received can message (#4) std can_id=0x180 size=7
[22:14:02][D][CAN:183]: Can message received with CANId 0x0180
[22:14:02][I][Communication:109]: Message received: Read/Write ID 0xa0 0x79(0x0539) for property AUSSENTEMP (0x000c) with raw value: 59
[22:14:02][D][Communication:111]: Message is not a response. Dropping it!
[22:14:02][D][canbus:078]: received can message (#5) std can_id=0x500 size=7
[22:14:02][D][CAN:183]: Can message received with CANId 0x0500
[22:14:02][I][Communication:109]: Message received: Read/Write ID 0x92 0x00(0x0480) for property RUECKLAUFISTTEMP (0x0016) with raw value: 508
[22:14:02][D][CAN:190]: No CANMember with CANId 0x0500 available.
[22:14:02][D][canbus:078]: received can message (#6) std can_id=0x500 size=7
[22:14:02][D][CAN:183]: Can message received with CANId 0x0500
[22:14:02][I][Communication:109]: Message received: Read/Write ID 0x92 0x00(0x0480) for property VERDICHTER (0x07a8) with raw value: 536
[22:14:02][D][CAN:190]: No CANMember with CANId 0x0500 available.
[22:14:02][D][canbus:078]: received can message (#7) std can_id=0x500 size=7
[22:14:02][D][CAN:183]: Can message received with CANId 0x0500
[22:14:02][I][Communication:109]: Message received: Read/Write ID 0x92 0x00(0x0480) for property UNKNOWN (0x0a36) with raw value: 537
[22:14:02][D][CAN:190]: No CANMember with CANId 0x0500 available.
[22:14:02][W][component:239]: Component canbus took a long time for an operation (278 ms).
[22:14:02][W][component:240]: Components should block for at most 30 ms.
[22:14:02][D][canbus:078]: received can message (#1) std can_id=0x500 size=7
[22:14:02][D][CAN:183]: Can message received with CANId 0x0500
[22:14:02][I][Communication:109]: Message received: Read/Write ID 0x92 0x00(0x0480) for property VERDICHTER (0x07a8) with raw value: 536
[22:14:02][D][CAN:190]: No CANMember with CANId 0x0500 available.
[22:14:02][D][canbus:078]: received can message (#1) std can_id=0x500 size=7
[22:14:02][D][CAN:183]: Can message received with CANId 0x0500
[22:14:02][I][Communication:109]: Message received: Read/Write ID 0x92 0x00(0x0480) for property UNKNOWN (0x0669) with raw value: 5753
[22:14:02][D][CAN:190]: No CANMember with CANId 0x0500 available.
[22:14:02][I][QUEUE:076]: Requesting data from Kessel for SPEICHERISTTEMP
[22:14:03][D][canbus:035]: send standard id=0x700 rtr=FALSE size=7
[22:14:03][D][canbus:078]: received can message (#1) std can_id=0x180 size=7
[22:14:03][D][CAN:183]: Can message received with CANId 0x0180
[22:14:03][I][Communication:109]: Message received: Read/Write ID 0xe2 0x00(0x0700) for property SPEICHERISTTEMP (0x000e) with raw value: 32768
[22:14:03][V][json:020]: Attempting to allocate 512 bytes for JSON serialization
[22:14:03][V][json:040]: Size after shrink 84 bytes
[22:14:03][W][component:239]: Component canbus took a long time for an operation (57 ms).
[22:14:03][W][component:240]: Components should block for at most 30 ms.
[22:14:04][I][TEST:170]: --- Zyklische Test-Abfrage ---
[22:14:04][I][QUEUE:076]: Requesting data from Kessel for AUSSENTEMP
[22:14:04][I][QUEUE:076]: Requesting data from Kessel for VORLAUFISTTEMP
[22:14:04][I][QUEUE:076]: Requesting data from Kessel for SPEICHERISTTEMP
[22:14:04][I][QUEUE:076]: Requesting data from HK1 for HKISTTEMP
[22:14:04][I][QUEUE:076]: Requesting data from HK2 for HKISTTEMP
[22:14:04][I][QUEUE:076]: Requesting data from Kessel for WAERMEPUMPEN_STATUS
[22:14:04][W][component:239]: Component interval took a long time for an operation (52 ms).
[22:14:04][W][component:240]: Components should block for at most 30 ms.
[22:14:04][D][canbus:035]: send standard id=0x700 rtr=FALSE size=7
[22:14:04][D][canbus:078]: received can message (#1) std can_id=0x180 size=7
[22:14:04][D][CAN:183]: Can message received with CANId 0x0180
[22:14:04][I][Communication:109]: Message received: Read/Write ID 0xe2 0x00(0x0700) for property AUSSENTEMP (0x000c) with raw value: 32768
[22:14:04][V][json:020]: Attempting to allocate 512 bytes for JSON serialization
[22:14:04][V][json:040]: Size after shrink 80 bytes
[22:14:04][W][component:239]: Component canbus took a long time for an operation (61 ms).
[22:14:04][W][component:240]: Components should block for at most 30 ms.
[22:14:04][D][canbus:035]: send standard id=0x700 rtr=FALSE size=7
[22:14:04][D][canbus:078]: received can message (#1) std can_id=0x180 size=7
[22:14:04][D][CAN:183]: Can message received with CANId 0x0180
[22:14:04][I][Communication:109]: Message received: Read/Write ID 0xe2 0x00(0x0700) for property VORLAUFISTTEMP (0x000f) with raw value: 32768
[22:14:04][I][CallbackHandler:063]: Callback not found for Kessel VORLAUFISTTEMP (0x000f)
[22:14:05][D][canbus:035]: send standard id=0x700 rtr=FALSE size=7
[22:14:05][D][canbus:078]: received can message (#1) std can_id=0x180 size=7
[22:14:05][D][CAN:183]: Can message received with CANId 0x0180
[22:14:05][I][Communication:109]: Message received: Read/Write ID 0xe2 0x00(0x0700) for property SPEICHERISTTEMP (0x000e) with raw value: 32768
[22:14:05][V][json:020]: Attempting to allocate 512 bytes for JSON serialization
[22:14:05][V][json:040]: Size after shrink 84 bytes
[22:14:05][W][component:239]: Component canbus took a long time for an operation (60 ms).
[22:14:05][W][component:240]: Components should block for at most 30 ms.
[22:14:05][D][canbus:035]: send standard id=0x700 rtr=FALSE size=7
[22:14:05][D][canbus:078]: received can message (#1) std can_id=0x301 size=7
[22:14:05][D][CAN:183]: Can message received with CANId 0x0301
[22:14:05][I][Communication:109]: Message received: Read/Write ID 0xe2 0x00(0x0700) for property HKISTTEMP (0x02ca) with raw value: 32768
[22:14:05][I][CallbackHandler:063]: Callback not found for HK1 HKISTTEMP (0x02ca)
[22:14:05][D][canbus:035]: send standard id=0x700 rtr=FALSE size=7
[22:14:05][D][canbus:078]: received can message (#1) std can_id=0x302 size=7
[22:14:05][D][CAN:183]: Can message received with CANId 0x0302
[22:14:05][I][Communication:109]: Message received: Read/Write ID 0xe2 0x00(0x0700) for property HKISTTEMP (0x02ca) with raw value: 32768
[22:14:05][I][CallbackHandler:063]: Callback not found for HK2 HKISTTEMP (0x02ca)
[22:14:05][D][canbus:035]: send standard id=0x700 rtr=FALSE size=7
[22:14:05][D][canbus:078]: received can message (#1) std can_id=0x180 size=7
[22:14:05][D][CAN:183]: Can message received with CANId 0x0180
[22:14:05][I][Communication:109]: Message received: Read/Write ID 0xe2 0x00(0x0700) for property WAERMEPUMPEN_STATUS (0x0062) with raw value: 32768
[22:14:05][I][CallbackHandler:063]: Callback not found for Kessel WAERMEPUMPEN_STATUS (0x0062)
[22:14:07][D][canbus:078]: received can message (#1) std can_id=0x480 size=7
[22:14:07][D][CAN:183]: Can message received with CANId 0x0480
[22:14:07][I][Communication:109]: Message received: Read/Write ID 0xa0 0x00(0x0500) for property SPEICHERBEDARF (0x005f) with raw value: 512
[22:14:07][D][Communication:111]: Message is not a response. Dropping it!
[22:14:07][D][canbus:078]: received can message (#2) std can_id=0x180 size=7
[22:14:07][D][CAN:183]: Can message received with CANId 0x0180
[22:14:07][I][Communication:109]: Message received: Read/Write ID 0xa0 0x79(0x0539) for property AUSSENTEMP (0x000c) with raw value: 59
[22:14:07][D][Communication:111]: Message is not a response. Dropping it!
[22:14:07][W][component:239]: Component canbus took a long time for an operation (82 ms).
[22:14:07][W][component:240]: Components should block for at most 30 ms.
[22:14:07][D][canbus:078]: received can message (#1) std can_id=0x100 size=7
[22:14:07][D][CAN:183]: Can message received with CANId 0x0100
[22:14:07][I][Communication:109]: Message received: Read/Write ID 0x31 0x00(0x0180) for property AUSSENTEMP (0x000c) with raw value: 0
[22:14:07][D][Communication:111]: Message is not a response. Dropping it!
[22:14:07][D][CAN:190]: No CANMember with CANId 0x0100 available.
[22:14:07][D][canbus:078]: received can message (#2) std can_id=0x180 size=7
[22:14:07][D][CAN:183]: Can message received with CANId 0x0180
[22:14:07][I][Communication:109]: Message received: Read/Write ID 0x22 0x00(0x0100) for property AUSSENTEMP (0x000c) with raw value: 59
[22:14:07][D][Communication:111]: Message is not a response. Dropping it!
[22:14:07][W][component:239]: Component canbus took a long time for an operation (83 ms).
[22:14:07][W][component:240]: Components should block for at most 30 ms.
[22:14:09][D][canbus:078]: received can message (#1) std can_id=0x100 size=7
[22:14:09][D][CAN:183]: Can message received with CANId 0x0100
[22:14:09][I][Communication:109]: Message received: Read/Write ID 0x31 0x00(0x0180) for property RUECKLAUFISTTEMP (0x0016) with raw value: 0
[22:14:09][D][Communication:111]: Message is not a response. Dropping it!
[22:14:09][D][CAN:190]: No CANMember with CANId 0x0100 available.
[22:14:09][D][canbus:078]: received can message (#2) std can_id=0x180 size=7
[22:14:09][D][CAN:183]: Can message received with CANId 0x0180
[22:14:09][I][Communication:109]: Message received: Read/Write ID 0x22 0x00(0x0100) for property RUECKLAUFISTTEMP (0x0016) with raw value: 323
[22:14:09][D][Communication:111]: Message is not a response. Dropping it!
[22:14:09][W][component:239]: Component canbus took a long time for an operation (91 ms).
[22:14:09][W][component:240]: Components should block for at most 30 ms.
[22:14:10][D][canbus:078]: received can message (#1) std can_id=0x480 size=7
[22:14:10][D][CAN:183]: Can message received with CANId 0x0480
[22:14:10][I][Communication:109]: Message received: Read/Write ID 0xa1 0x00(0x0500) for property SOFTWARE_NUMMER (0x0199) with raw value: 0
[22:14:10][D][Communication:111]: Message is not a response. Dropping it!
[22:14:10][D][canbus:078]: received can message (#2) std can_id=0x500 size=7
[22:14:10][D][CAN:183]: Can message received with CANId 0x0500
[22:14:10][I][Communication:109]: Message received: Read/Write ID 0x92 0x00(0x0480) for property SOFTWARE_NUMMER (0x0199) with raw value: 147
[22:14:10][D][CAN:190]: No CANMember with CANId 0x0500 available.
[22:14:10][W][component:239]: Component canbus took a long time for an operation (78 ms).
[22:14:10][W][component:240]: Components should block for at most 30 ms.
[22:14:12][D][canbus:078]: received can message (#1) std can_id=0x480 size=7
[22:14:12][D][CAN:183]: Can message received with CANId 0x0480
[22:14:12][I][Communication:109]: Message received: Read/Write ID 0xa1 0x00(0x0500) for property WPVORLAUFIST (0x01d6) with raw value: 0
[22:14:12][D][Communication:111]: Message is not a response. Dropping it!
[22:14:12][D][canbus:078]: received can message (#2) std can_id=0x480 size=7
[22:14:12][D][CAN:183]: Can message received with CANId 0x0480
[22:14:12][I][Communication:109]: Message received: Read/Write ID 0xa1 0x00(0x0500) for property RUECKLAUFISTTEMP (0x0016) with raw value: 0
[22:14:12][D][Communication:111]: Message is not a response. Dropping it!
[22:14:12][D][canbus:078]: received can message (#3) std can_id=0x480 size=7
[22:14:12][D][CAN:183]: Can message received with CANId 0x0480
[22:14:12][I][Communication:109]: Message received: Read/Write ID 0xa1 0x00(0x0500) for property UNKNOWN (0x0a36) with raw value: 0
[22:14:12][D][Communication:111]: Message is not a response. Dropping it!
[22:14:12][D][canbus:078]: received can message (#4) std can_id=0x180 size=7
[22:14:12][D][CAN:183]: Can message received with CANId 0x0180
[22:14:12][I][Communication:109]: Message received: Read/Write ID 0xa0 0x79(0x0539) for property AUSSENTEMP (0x000c) with raw value: 59
[22:14:12][D][Communication:111]: Message is not a response. Dropping it!
[22:14:12][D][canbus:078]: received can message (#5) std can_id=0x500 size=7
[22:14:12][D][CAN:183]: Can message received with CANId 0x0500
[22:14:12][I][Communication:109]: Message received: Read/Write ID 0x92 0x00(0x0480) for property RUECKLAUFISTTEMP (0x0016) with raw value: 508
[22:14:12][D][CAN:190]: No CANMember with CANId 0x0500 available.
[22:14:12][D][canbus:078]: received can message (#6) std can_id=0x500 size=7
[22:14:12][D][CAN:183]: Can message received with CANId 0x0500
[22:14:12][I][Communication:109]: Message received: Read/Write ID 0x92 0x00(0x0480) for property VERDICHTER (0x07a8) with raw value: 536
[22:14:12][D][CAN:190]: No CANMember with CANId 0x0500 available.
[22:14:12][D][canbus:078]: received can message (#7) std can_id=0x500 size=7
[22:14:12][D][CAN:183]: Can message received with CANId 0x0500
[22:14:12][I][Communication:109]: Message received: Read/Write ID 0x92 0x00(0x0480) for property UNKNOWN (0x0a36) with raw value: 537
[22:14:12][D][CAN:190]: No CANMember with CANId 0x0500 available.
[22:14:12][W][component:239]: Component canbus took a long time for an operation (273 ms).
[22:14:12][W][component:240]: Components should block for at most 30 ms.
[22:14:12][D][canbus:078]: received can message (#1) std can_id=0x500 size=7
[22:14:12][D][CAN:183]: Can message received with CANId 0x0500
[22:14:12][I][Communication:109]: Message received: Read/Write ID 0x92 0x00(0x0480) for property VERDICHTER (0x07a8) with raw value: 536
[22:14:12][D][CAN:190]: No CANMember with CANId 0x0500 available.
[22:14:12][D][canbus:078]: received can message (#1) std can_id=0x500 size=7
[22:14:12][D][CAN:183]: Can message received with CANId 0x0500
[22:14:12][I][Communication:109]: Message received: Read/Write ID 0x92 0x00(0x0480) for property UNKNOWN (0x0669) with raw value: 5753
[22:14:12][D][CAN:190]: No CANMember with CANId 0x0500 available.
[22:14:13][D][canbus:078]: received can message (#1) std can_id=0x100 size=7
[22:14:13][D][CAN:183]: Can message received with CANId 0x0100
[22:14:13][I][Communication:109]: Message received: Read/Write ID 0x31 0x00(0x0180) for property SPEICHERISTTEMP (0x000e) with raw value: 0
[22:14:13][D][Communication:111]: Message is not a response. Dropping it!
[22:14:13][D][CAN:190]: No CANMember with CANId 0x0100 available.
[22:14:13][D][canbus:078]: received can message (#2) std can_id=0x180 size=7
[22:14:13][D][CAN:183]: Can message received with CANId 0x0180
[22:14:13][I][Communication:109]: Message received: Read/Write ID 0x22 0x00(0x0100) for property SPEICHERISTTEMP (0x000e) with raw value: 490
[22:14:13][D][Communication:111]: Message is not a response. Dropping it!
[22:14:13][W][component:239]: Component canbus took a long time for an operation (88 ms).
[22:14:13][W][component:240]: Components should block for at most 30 ms.
[22:14:17][D][canbus:078]: received can message (#1) std can_id=0x480 size=7
[22:14:17][D][CAN:183]: Can message received with CANId 0x0480
[22:14:17][I][Communication:109]: Message received: Read/Write ID 0xa0 0x00(0x0500) for property SPEICHERBEDARF (0x005f) with raw value: 512
[22:14:17][D][Communication:111]: Message is not a response. Dropping it!
[22:14:17][D][canbus:078]: received can message (#2) std can_id=0x180 size=7
[22:14:17][D][CAN:183]: Can message received with CANId 0x0180
[22:14:17][I][Communication:109]: Message received: Read/Write ID 0xa0 0x79(0x0539) for property AUSSENTEMP (0x000c) with raw value: 59
[22:14:17][D][Communication:111]: Message is not a response. Dropping it!
[22:14:17][W][component:239]: Component canbus took a long time for an operation (78 ms).
[22:14:17][W][component:240]: Components should block for at most 30 ms.
[22:14:19][D][canbus:078]: received can message (#1) std can_id=0x100 size=7
[22:14:19][D][CAN:183]: Can message received with CANId 0x0100
[22:14:19][I][Communication:109]: Message received: Read/Write ID 0x31 0x00(0x0180) for property AUSSENTEMP (0x000c) with raw value: 0
[22:14:19][D][Communication:111]: Message is not a response. Dropping it!
[22:14:19][D][CAN:190]: No CANMember with CANId 0x0100 available.
[22:14:19][D][canbus:078]: received can message (#2) std can_id=0x180 size=7
[22:14:19][D][CAN:183]: Can message received with CANId 0x0180
[22:14:19][I][Communication:109]: Message received: Read/Write ID 0x22 0x00(0x0100) for property AUSSENTEMP (0x000c) with raw value: 59
[22:14:19][D][Communication:111]: Message is not a response. Dropping it!
[22:14:19][W][component:239]: Component canbus took a long time for an operation (89 ms).
[22:14:19][W][component:240]: Components should block for at most 30 ms.
[22:14:20][D][canbus:078]: received can message (#1) std can_id=0x480 size=7
[22:14:20][D][CAN:183]: Can message received with CANId 0x0480
[22:14:20][I][Communication:109]: Message received: Read/Write ID 0xa1 0x00(0x0500) for property SOFTWARE_NUMMER (0x0199) with raw value: 0
[22:14:20][D][Communication:111]: Message is not a response. Dropping it!
[22:14:20][D][canbus:078]: received can message (#2) std can_id=0x500 size=7
[22:14:20][D][CAN:183]: Can message received with CANId 0x0500
[22:14:20][I][Communication:109]: Message received: Read/Write ID 0x92 0x00(0x0480) for property SOFTWARE_NUMMER (0x0199) with raw value: 147
[22:14:20][D][CAN:190]: No CANMember with CANId 0x0500 available.
[22:14:20][W][component:239]: Component canbus took a long time for an operation (76 ms).
[22:14:20][W][component:240]: Components should block for at most 30 ms.
